../Core/Src/DFRobot_ID809.c:35:6:HAL_UART_RxCpltCallback	16	static
../Core/Src/DFRobot_ID809.c:40:6:UART_Is_Available	4	static
../Core/Src/DFRobot_ID809.c:47:9:UART_Read	16	static
../Core/Src/DFRobot_ID809.c:61:6:DFRobot_ID809_Init	8	static
../Core/Src/DFRobot_ID809.c:66:6:DFRobot_ID809_isConnected	16	static
../Core/Src/DFRobot_ID809.c:78:9:DFRobot_ID809_getDeviceID	16	static
../Core/Src/DFRobot_ID809.c:85:9:DFRobot_ID809_getSecurityLevel	16	static
../Core/Src/DFRobot_ID809.c:92:9:DFRobot_ID809_getDuplicationCheck	16	static
../Core/Src/DFRobot_ID809.c:99:9:DFRobot_ID809_getBaudrate	16	static
../Core/Src/DFRobot_ID809.c:106:9:DFRobot_ID809_getSelfLearn	16	static
../Core/Src/DFRobot_ID809.c:113:9:DFRobot_ID809_getEmptyID	24	static
../Core/Src/DFRobot_ID809.c:127:9:DFRobot_ID809_getParam	24	static
../Core/Src/DFRobot_ID809.c:144:9:DFRobot_ID809_detectFinger	16	static
../Core/Src/DFRobot_ID809.c:156:9:DFRobot_ID809_ctrlLED	32	static
../Core/Src/DFRobot_ID809.c:199:9:DFRobot_ID809_getImage	16	static
../Core/Src/DFRobot_ID809.c:209:9:DFRobot_ID809_collectionFingerprint	24	static
../Core/Src/DFRobot_ID809.c:247:9:DFRobot_ID809_detectFingers	16	static
../Core/Src/DFRobot_ID809.c:258:9:DFRobot_ID809_generate	24	static
../Core/Src/DFRobot_ID809.c:268:9:DFRobot_ID809_search	24	static
../Core/Src/DFRobot_ID809.c:288:9:DFRobot_ID809_delFingerprint	32	static
../Core/Src/DFRobot_ID809.c:305:9:DFRobot_ID809_storeFingerprint	32	static
../Core/Src/DFRobot_ID809.c:322:9:DFRobot_ID809_merge	16	static
../Core/Src/DFRobot_ID809.c:337:20:DFRobot_ID809_pack	40	static
../Core/Src/DFRobot_ID809.c:370:6:DFRobot_ID809_sendPacket	16	static
../Core/Src/DFRobot_ID809.c:374:9:DFRobot_ID809_responsePayload	40	static
../Core/Src/DFRobot_ID809.c:421:10:DFRobot_ID809_readPrefix	24	static
../Core/Src/DFRobot_ID809.c:471:8:DFRobot_ID809_readN	72	static
../Core/Src/DFRobot_ID809.c:487:10:DFRobot_ID809_getCmdCKS	24	static
../Core/Src/DFRobot_ID809.c:504:10:DFRobot_ID809_getRcmCKS	24	static
../Core/Src/DFRobot_ID809.c:525:6:testFingerPrint	16	static
../Core/Src/DFRobot_ID809.c:545:6:addFingerPrint	8	static
../Core/Src/DFRobot_ID809.c:580:6:delFingerPrint	16	static
../Core/Src/DFRobot_ID809.c:603:6:removeAllFinger	16	static
