Archive member included to satisfy reference by file (symbol)

c:/st/stm32cubeide_1.6.1/stm32cubeide/plugins/com.st.stm32cube.ide.mcu.externaltools.gnu-tools-for-stm32.10.3-2021.10.win32_1.0.0.202111181127/tools/bin/../lib/gcc/arm-none-eabi/10.3.1/../../../../arm-none-eabi/lib/thumb/v7-m/nofp\libc_nano.a(lib_a-errno.o)
                              ./Core/Src/syscalls.o (__errno)
c:/st/stm32cubeide_1.6.1/stm32cubeide/plugins/com.st.stm32cube.ide.mcu.externaltools.gnu-tools-for-stm32.10.3-2021.10.win32_1.0.0.202111181127/tools/bin/../lib/gcc/arm-none-eabi/10.3.1/../../../../arm-none-eabi/lib/thumb/v7-m/nofp\libc_nano.a(lib_a-exit.o)
                              c:/st/stm32cubeide_1.6.1/stm32cubeide/plugins/com.st.stm32cube.ide.mcu.externaltools.gnu-tools-for-stm32.10.3-2021.10.win32_1.0.0.202111181127/tools/bin/../lib/gcc/arm-none-eabi/10.3.1/../../../../arm-none-eabi/lib/thumb/v7-m/nofp/crt0.o (exit)
c:/st/stm32cubeide_1.6.1/stm32cubeide/plugins/com.st.stm32cube.ide.mcu.externaltools.gnu-tools-for-stm32.10.3-2021.10.win32_1.0.0.202111181127/tools/bin/../lib/gcc/arm-none-eabi/10.3.1/../../../../arm-none-eabi/lib/thumb/v7-m/nofp\libc_nano.a(lib_a-impure.o)
                              c:/st/stm32cubeide_1.6.1/stm32cubeide/plugins/com.st.stm32cube.ide.mcu.externaltools.gnu-tools-for-stm32.10.3-2021.10.win32_1.0.0.202111181127/tools/bin/../lib/gcc/arm-none-eabi/10.3.1/../../../../arm-none-eabi/lib/thumb/v7-m/nofp\libc_nano.a(lib_a-exit.o) (_global_impure_ptr)
c:/st/stm32cubeide_1.6.1/stm32cubeide/plugins/com.st.stm32cube.ide.mcu.externaltools.gnu-tools-for-stm32.10.3-2021.10.win32_1.0.0.202111181127/tools/bin/../lib/gcc/arm-none-eabi/10.3.1/../../../../arm-none-eabi/lib/thumb/v7-m/nofp\libc_nano.a(lib_a-init.o)
                              c:/st/stm32cubeide_1.6.1/stm32cubeide/plugins/com.st.stm32cube.ide.mcu.externaltools.gnu-tools-for-stm32.10.3-2021.10.win32_1.0.0.202111181127/tools/bin/../lib/gcc/arm-none-eabi/10.3.1/../../../../arm-none-eabi/lib/thumb/v7-m/nofp/crt0.o (__libc_init_array)
c:/st/stm32cubeide_1.6.1/stm32cubeide/plugins/com.st.stm32cube.ide.mcu.externaltools.gnu-tools-for-stm32.10.3-2021.10.win32_1.0.0.202111181127/tools/bin/../lib/gcc/arm-none-eabi/10.3.1/../../../../arm-none-eabi/lib/thumb/v7-m/nofp\libc_nano.a(lib_a-malloc.o)
                              ./Core/Src/DFRobot_ID809.o (malloc)
c:/st/stm32cubeide_1.6.1/stm32cubeide/plugins/com.st.stm32cube.ide.mcu.externaltools.gnu-tools-for-stm32.10.3-2021.10.win32_1.0.0.202111181127/tools/bin/../lib/gcc/arm-none-eabi/10.3.1/../../../../arm-none-eabi/lib/thumb/v7-m/nofp\libc_nano.a(lib_a-memcpy-stub.o)
                              ./Core/Src/DFRobot_ID809.o (memcpy)
c:/st/stm32cubeide_1.6.1/stm32cubeide/plugins/com.st.stm32cube.ide.mcu.externaltools.gnu-tools-for-stm32.10.3-2021.10.win32_1.0.0.202111181127/tools/bin/../lib/gcc/arm-none-eabi/10.3.1/../../../../arm-none-eabi/lib/thumb/v7-m/nofp\libc_nano.a(lib_a-memset.o)
                              c:/st/stm32cubeide_1.6.1/stm32cubeide/plugins/com.st.stm32cube.ide.mcu.externaltools.gnu-tools-for-stm32.10.3-2021.10.win32_1.0.0.202111181127/tools/bin/../lib/gcc/arm-none-eabi/10.3.1/../../../../arm-none-eabi/lib/thumb/v7-m/nofp/crt0.o (memset)
c:/st/stm32cubeide_1.6.1/stm32cubeide/plugins/com.st.stm32cube.ide.mcu.externaltools.gnu-tools-for-stm32.10.3-2021.10.win32_1.0.0.202111181127/tools/bin/../lib/gcc/arm-none-eabi/10.3.1/../../../../arm-none-eabi/lib/thumb/v7-m/nofp\libc_nano.a(lib_a-nano-freer.o)
                              c:/st/stm32cubeide_1.6.1/stm32cubeide/plugins/com.st.stm32cube.ide.mcu.externaltools.gnu-tools-for-stm32.10.3-2021.10.win32_1.0.0.202111181127/tools/bin/../lib/gcc/arm-none-eabi/10.3.1/../../../../arm-none-eabi/lib/thumb/v7-m/nofp\libc_nano.a(lib_a-malloc.o) (_free_r)
c:/st/stm32cubeide_1.6.1/stm32cubeide/plugins/com.st.stm32cube.ide.mcu.externaltools.gnu-tools-for-stm32.10.3-2021.10.win32_1.0.0.202111181127/tools/bin/../lib/gcc/arm-none-eabi/10.3.1/../../../../arm-none-eabi/lib/thumb/v7-m/nofp\libc_nano.a(lib_a-nano-mallocr.o)
                              c:/st/stm32cubeide_1.6.1/stm32cubeide/plugins/com.st.stm32cube.ide.mcu.externaltools.gnu-tools-for-stm32.10.3-2021.10.win32_1.0.0.202111181127/tools/bin/../lib/gcc/arm-none-eabi/10.3.1/../../../../arm-none-eabi/lib/thumb/v7-m/nofp\libc_nano.a(lib_a-malloc.o) (_malloc_r)
c:/st/stm32cubeide_1.6.1/stm32cubeide/plugins/com.st.stm32cube.ide.mcu.externaltools.gnu-tools-for-stm32.10.3-2021.10.win32_1.0.0.202111181127/tools/bin/../lib/gcc/arm-none-eabi/10.3.1/../../../../arm-none-eabi/lib/thumb/v7-m/nofp\libc_nano.a(lib_a-sbrkr.o)
                              c:/st/stm32cubeide_1.6.1/stm32cubeide/plugins/com.st.stm32cube.ide.mcu.externaltools.gnu-tools-for-stm32.10.3-2021.10.win32_1.0.0.202111181127/tools/bin/../lib/gcc/arm-none-eabi/10.3.1/../../../../arm-none-eabi/lib/thumb/v7-m/nofp\libc_nano.a(lib_a-nano-mallocr.o) (_sbrk_r)
[...]
Memory Configuration

Name             Origin             Length             Attributes
RAM              0x0000000020000000 0x0000000000005000 xrw
FLASH            0x0000000008000000 0x0000000000020000 xr
*default*        0x0000000000000000 0xffffffffffffffff

Linker script and memory map

LOAD c:/st/stm32cubeide_1.6.1/stm32cubeide/plugins/com.st.stm32cube.ide.mcu.externaltools.gnu-tools-for-stm32.10.3-2021.10.win32_1.0.0.202111181127/tools/bin/../lib/gcc/arm-none-eabi/10.3.1/thumb/v7-m/nofp/crti.o
LOAD c:/st/stm32cubeide_1.6.1/stm32cubeide/plugins/com.st.stm32cube.ide.mcu.externaltools.gnu-tools-for-stm32.10.3-2021.10.win32_1.0.0.202111181127/tools/bin/../lib/gcc/arm-none-eabi/10.3.1/thumb/v7-m/nofp/crtbegin.o
LOAD c:/st/stm32cubeide_1.6.1/stm32cubeide/plugins/com.st.stm32cube.ide.mcu.externaltools.gnu-tools-for-stm32.10.3-2021.10.win32_1.0.0.202111181127/tools/bin/../lib/gcc/arm-none-eabi/10.3.1/../../../../arm-none-eabi/lib/thumb/v7-m/nofp/crt0.o
LOAD ./Core/Src/DFRobot_ID809.o
LOAD ./Core/Src/HID_CDC.o
LOAD ./Core/Src/adc.o
LOAD ./Core/Src/gpio.o
LOAD ./Core/Src/i2c.o
LOAD ./Core/Src/lcd_i2c.o
LOAD ./Core/Src/main.o
LOAD ./Core/Src/password.o
LOAD ./Core/Src/spi.o
LOAD ./Core/Src/stm32f1xx_hal_msp.o
LOAD ./Core/Src/stm32f1xx_it.o
LOAD ./Core/Src/syscalls.o
LOAD ./Core/Src/sysmem.o
LOAD ./Core/Src/system_stm32f1xx.o
LOAD ./Core/Src/usart.o
LOAD ./Core/Src/usb.o
LOAD ./Core/Src/w25qxx.o
LOAD ./Core/Startup/startup_stm32f103rbtx.o
LOAD ./Drivers/STM32F1xx_HAL_Driver/Src/stm32f1xx_hal.o
LOAD ./Drivers/STM32F1xx_HAL_Driver/Src/stm32f1xx_hal_adc.o
LOAD ./Drivers/STM32F1xx_HAL_Driver/Src/stm32f1xx_hal_adc_ex.o
LOAD ./Drivers/STM32F1xx_HAL_Driver/Src/stm32f1xx_hal_cortex.o
LOAD ./Drivers/STM32F1xx_HAL_Driver/Src/stm32f1xx_hal_dma.o
LOAD ./Drivers/STM32F1xx_HAL_Driver/Src/stm32f1xx_hal_exti.o
LOAD ./Drivers/STM32F1xx_HAL_Driver/Src/stm32f1xx_hal_flash.o
LOAD ./Drivers/STM32F1xx_HAL_Driver/Src/stm32f1xx_hal_flash_ex.o
LOAD ./Drivers/STM32F1xx_HAL_Driver/Src/stm32f1xx_hal_gpio.o
LOAD ./Drivers/STM32F1xx_HAL_Driver/Src/stm32f1xx_hal_gpio_ex.o
LOAD ./Drivers/STM32F1xx_HAL_Driver/Src/stm32f1xx_hal_i2c.o
LOAD ./Drivers/STM32F1xx_HAL_Driver/Src/stm32f1xx_hal_pcd.o
LOAD ./Drivers/STM32F1xx_HAL_Driver/Src/stm32f1xx_hal_pcd_ex.o
LOAD ./Drivers/STM32F1xx_HAL_Driver/Src/stm32f1xx_hal_pwr.o
LOAD ./Drivers/STM32F1xx_HAL_Driver/Src/stm32f1xx_hal_rcc.o
LOAD ./Drivers/STM32F1xx_HAL_Driver/Src/stm32f1xx_hal_rcc_ex.o
LOAD ./Drivers/STM32F1xx_HAL_Driver/Src/stm32f1xx_hal_spi.o
LOAD ./Drivers/STM32F1xx_HAL_Driver/Src/stm32f1xx_hal_tim.o
LOAD ./Drivers/STM32F1xx_HAL_Driver/Src/stm32f1xx_hal_tim_ex.o
LOAD ./Drivers/STM32F1xx_HAL_Driver/Src/stm32f1xx_hal_uart.o
LOAD ./Drivers/STM32F1xx_HAL_Driver/Src/stm32f1xx_ll_usb.o
LOAD ./Middlewares/Third_Party/AL94_USB_Composite/COMPOSITE/App/usb_device.o
LOAD ./Middlewares/Third_Party/AL94_USB_Composite/COMPOSITE/App/usbd_cdc_acm_if.o
LOAD ./Middlewares/Third_Party/AL94_USB_Composite/COMPOSITE/App/usbd_desc.o
LOAD ./Middlewares/Third_Party/AL94_USB_Composite/COMPOSITE/Class/CDC_ACM/Src/usbd_cdc_acm.o
LOAD ./Middlewares/Third_Party/AL94_USB_Composite/COMPOSITE/Class/COMPOSITE/Src/usbd_composite.o
LOAD ./Middlewares/Third_Party/AL94_USB_Composite/COMPOSITE/Class/HID_KEYBOARD/Src/usbd_hid_keyboard.o
LOAD ./Middlewares/Third_Party/AL94_USB_Composite/COMPOSITE/Core/Src/usbd_core.o
LOAD ./Middlewares/Third_Party/AL94_USB_Composite/COMPOSITE/Core/Src/usbd_ctlreq.o
LOAD ./Middlewares/Third_Party/AL94_USB_Composite/COMPOSITE/Core/Src/usbd_ioreq.o
LOAD ./Middlewares/Third_Party/AL94_USB_Composite/COMPOSITE/Target/usbd_conf.o
START GROUP
LOAD c:/st/stm32cubeide_1.6.1/stm32cubeide/plugins/com.st.stm32cube.ide.mcu.externaltools.gnu-tools-for-stm32.10.3-2021.10.win32_1.0.0.202111181127/tools/bin/../lib/gcc/arm-none-eabi/10.3.1/../../../../arm-none-eabi/lib/thumb/v7-m/nofp\libc_nano.a
LOAD c:/st/stm32cubeide_1.6.1/stm32cubeide/plugins/com.st.stm32cube.ide.mcu.externaltools.gnu-tools-for-stm32.10.3-2021.10.win32_1.0.0.202111181127/tools/bin/../lib/gcc/arm-none-eabi/10.3.1/../../../../arm-none-eabi/lib/thumb/v7-m/nofp\libm.a
END GROUP
START GROUP
LOAD c:/st/stm32cubeide_1.6.1/stm32cubeide/plugins/com.st.stm32cube.ide.mcu.externaltools.gnu-tools-for-stm32.10.3-2021.10.win32_1.0.0.202111181127/tools/bin/../lib/gcc/arm-none-eabi/10.3.1/thumb/v7-m/nofp\libgcc.a
LOAD c:/st/stm32cubeide_1.6.1/stm32cubeide/plugins/com.st.stm32cube.ide.mcu.externaltools.gnu-tools-for-stm32.10.3-2021.10.win32_1.0.0.202111181127/tools/bin/../lib/gcc/arm-none-eabi/10.3.1/../../../../arm-none-eabi/lib/thumb/v7-m/nofp\libc_nano.a
END GROUP
START GROUP
LOAD c:/st/stm32cubeide_1.6.1/stm32cubeide/plugins/com.st.stm32cube.ide.mcu.externaltools.gnu-tools-for-stm32.10.3-2021.10.win32_1.0.0.202111181127/tools/bin/../lib/gcc/arm-none-eabi/10.3.1/thumb/v7-m/nofp\libgcc.a
LOAD c:/st/stm32cubeide_1.6.1/stm32cubeide/plugins/com.st.stm32cube.ide.mcu.externaltools.gnu-tools-for-stm32.10.3-2021.10.win32_1.0.0.202111181127/tools/bin/../lib/gcc/arm-none-eabi/10.3.1/../../../../arm-none-eabi/lib/thumb/v7-m/nofp\libc_nano.a
LOAD c:/st/stm32cubeide_1.6.1/stm32cubeide/plugins/com.st.stm32cube.ide.mcu.externaltools.gnu-tools-for-stm32.10.3-2021.10.win32_1.0.0.202111181127/tools/bin/../lib/gcc/arm-none-eabi/10.3.1/../../../../arm-none-eabi/lib/thumb/v7-m/nofp\libnosys.a
END GROUP
START GROUP
LOAD c:/st/stm32cubeide_1.6.1/stm32cubeide/plugins/com.st.stm32cube.ide.mcu.externaltools.gnu-tools-for-stm32.10.3-2021.10.win32_1.0.0.202111181127/tools/bin/../lib/gcc/arm-none-eabi/10.3.1/thumb/v7-m/nofp\libgcc.a
LOAD c:/st/stm32cubeide_1.6.1/stm32cubeide/plugins/com.st.stm32cube.ide.mcu.externaltools.gnu-tools-for-stm32.10.3-2021.10.win32_1.0.0.202111181127/tools/bin/../lib/gcc/arm-none-eabi/10.3.1/../../../../arm-none-eabi/lib/thumb/v7-m/nofp\libc_nano.a
LOAD c:/st/stm32cubeide_1.6.1/stm32cubeide/plugins/com.st.stm32cube.ide.mcu.externaltools.gnu-tools-for-stm32.10.3-2021.10.win32_1.0.0.202111181127/tools/bin/../lib/gcc/arm-none-eabi/10.3.1/../../../../arm-none-eabi/lib/thumb/v7-m/nofp\libnosys.a
END GROUP
LOAD c:/st/stm32cubeide_1.6.1/stm32cubeide/plugins/com.st.stm32cube.ide.mcu.externaltools.gnu-tools-for-stm32.10.3-2021.10.win32_1.0.0.202111181127/tools/bin/../lib/gcc/arm-none-eabi/10.3.1/thumb/v7-m/nofp/crtend.o
LOAD c:/st/stm32cubeide_1.6.1/stm32cubeide/plugins/com.st.stm32cube.ide.mcu.externaltools.gnu-tools-for-stm32.10.3-2021.10.win32_1.0.0.202111181127/tools/bin/../lib/gcc/arm-none-eabi/10.3.1/thumb/v7-m/nofp/crtn.o
                0x0000000020005000                _estack = (ORIGIN (RAM) + LENGTH (RAM))
                0x0000000000000200                _Min_Heap_Size = 0x200
                0x0000000000000400                _Min_Stack_Size = 0x400

.isr_vector     0x0000000008000000      0x10c
                0x0000000008000000                . = ALIGN (0x4)
 *(.isr_vector)
 .isr_vector    0x0000000008000000      0x10c ./Core/Startup/startup_stm32f103rbtx.o
                0x0000000008000000                g_pfnVectors
                0x000000000800010c                . = ALIGN (0x4)

.text           0x000000000800010c     0xe1b4
                0x000000000800010c                . = ALIGN (0x4)
 *(.text)
 .text          0x000000000800010c       0x40 c:/st/stm32cubeide_1.6.1/stm32cubeide/plugins/com.st.stm32cube.ide.mcu.externaltools.gnu-tools-for-stm32.10.3-2021.10.win32_1.0.0.202111181127/tools/bin/../lib/gcc/arm-none-eabi/10.3.1/thumb/v7-m/nofp/crtbegin.o
 .text          0x000000000800014c       0x10 c:/st/stm32cubeide_1.6.1/stm32cubeide/plugins/com.st.stm32cube.ide.mcu.externaltools.gnu-tools-for-stm32.10.3-2021.10.win32_1.0.0.202111181127/tools/bin/../lib/gcc/arm-none-eabi/10.3.1/../../../../arm-none-eabi/lib/thumb/v7-m/nofp\libc_nano.a(lib_a-strlen.o)
                0x000000000800014c                strlen
 *(.text*)
 .text.HAL_UART_RxCpltCallback
                0x000000000800015c       0x2c ./Core/Src/DFRobot_ID809.o
                0x000000000800015c                HAL_UART_RxCpltCallback
 .text.UART_Is_Available
                0x0000000008000188       0x20 ./Core/Src/DFRobot_ID809.o
                0x0000000008000188                UART_Is_Available
 .text.UART_Read
                0x00000000080001a8       0x68 ./Core/Src/DFRobot_ID809.o
                0x00000000080001a8                UART_Read
 .text.DFRobot_ID809_Init
                0x0000000008000210       0x1c ./Core/Src/DFRobot_ID809.o
                0x0000000008000210                DFRobot_ID809_Init
 .text.DFRobot_ID809_isConnected
                0x000000000800022c       0x44 ./Core/Src/DFRobot_ID809.o
                0x000000000800022c                DFRobot_ID809_isConnected
 .text.DFRobot_ID809_getEmptyID
                0x0000000008000270       0x50 ./Core/Src/DFRobot_ID809.o
                0x0000000008000270                DFRobot_ID809_getEmptyID
 .text.DFRobot_ID809_detectFinger
                0x00000000080002c0       0x44 ./Core/Src/DFRobot_ID809.o
                0x00000000080002c0                DFRobot_ID809_detectFinger
 .text.DFRobot_ID809_ctrlLED
                0x0000000008000304       0x5c ./Core/Src/DFRobot_ID809.o
                0x0000000008000304                DFRobot_ID809_ctrlLED
 .text.DFRobot_ID809_getImage
                0x0000000008000360       0x38 ./Core/Src/DFRobot_ID809.o
                0x0000000008000360                DFRobot_ID809_getImage
 .text.DFRobot_ID809_collectionFingerprint
                0x0000000008000398       0xdc ./Core/Src/DFRobot_ID809.o
                0x0000000008000398                DFRobot_ID809_collectionFingerprint
 .text.DFRobot_ID809_detectFingers
                0x0000000008000474       0x44 ./Core/Src/DFRobot_ID809.o
                0x0000000008000474                DFRobot_ID809_detectFingers
 .text.DFRobot_ID809_generate
                0x00000000080004b8       0x48 ./Core/Src/DFRobot_ID809.o
                0x00000000080004b8                DFRobot_ID809_generate
 .text.DFRobot_ID809_search
                0x0000000008000500       0x74 ./Core/Src/DFRobot_ID809.o
                0x0000000008000500                DFRobot_ID809_search
 .text.DFRobot_ID809_delFingerprint
                0x0000000008000574       0x5c ./Core/Src/DFRobot_ID809.o
                0x0000000008000574                DFRobot_ID809_delFingerprint
 .text.DFRobot_ID809_storeFingerprint
                0x00000000080005d0       0x64 ./Core/Src/DFRobot_ID809.o
                0x00000000080005d0                DFRobot_ID809_storeFingerprint
 .text.DFRobot_ID809_merge
                0x0000000008000634       0x50 ./Core/Src/DFRobot_ID809.o
                0x0000000008000634                DFRobot_ID809_merge
 .text.DFRobot_ID809_pack
                0x0000000008000684       0xf4 ./Core/Src/DFRobot_ID809.o
                0x0000000008000684                DFRobot_ID809_pack
 .text.DFRobot_ID809_sendPacket
                0x0000000008000778       0x28 ./Core/Src/DFRobot_ID809.o
                0x0000000008000778                DFRobot_ID809_sendPacket
 .text.DFRobot_ID809_responsePayload
                0x00000000080007a0      0x110 ./Core/Src/DFRobot_ID809.o
                0x00000000080007a0                DFRobot_ID809_responsePayload
 .text.DFRobot_ID809_readPrefix
                0x00000000080008b0      0x114 ./Core/Src/DFRobot_ID809.o
                0x00000000080008b0                DFRobot_ID809_readPrefix
 .text.DFRobot_ID809_readN
                0x00000000080009c4       0x86 ./Core/Src/DFRobot_ID809.o
                0x00000000080009c4                DFRobot_ID809_readN
 .text.DFRobot_ID809_getCmdCKS
                0x0000000008000a4a       0xa8 ./Core/Src/DFRobot_ID809.o
                0x0000000008000a4a                DFRobot_ID809_getCmdCKS
 .text.DFRobot_ID809_getRcmCKS
                0x0000000008000af2       0xca ./Core/Src/DFRobot_ID809.o
                0x0000000008000af2                DFRobot_ID809_getRcmCKS
 .text.testFingerPrint
                0x0000000008000bbc       0x76 ./Core/Src/DFRobot_ID809.o
                0x0000000008000bbc                testFingerPrint
 *fill*         0x0000000008000c32        0x2 
 .text.addFingerPrint
                0x0000000008000c34      0x11c ./Core/Src/DFRobot_ID809.o
                0x0000000008000c34                addFingerPrint
 .text.delFingerPrint
                0x0000000008000d50       0xb8 ./Core/Src/DFRobot_ID809.o
                0x0000000008000d50                delFingerPrint
 .text.writePasswordHID
                0x0000000008000e08      0x104 ./Core/Src/HID_CDC.o
                0x0000000008000e08                writePasswordHID
 .text.MX_ADC1_Init
                0x0000000008000f0c       0x7c ./Core/Src/adc.o
                0x0000000008000f0c                MX_ADC1_Init
 .text.HAL_ADC_MspInit
                0x0000000008000f88       0x78 ./Core/Src/adc.o
                0x0000000008000f88                HAL_ADC_MspInit
 .text.MX_GPIO_Init
                0x0000000008001000       0xcc ./Core/Src/gpio.o
                0x0000000008001000                MX_GPIO_Init
 .text.MX_I2C1_Init
                0x00000000080010cc       0x5c ./Core/Src/i2c.o
                0x00000000080010cc                MX_I2C1_Init
 .text.HAL_I2C_MspInit
                0x0000000008001128       0x7c ./Core/Src/i2c.o
                0x0000000008001128                HAL_I2C_MspInit
 .text.lcd_send_cmd
                0x00000000080011a4       0x60 ./Core/Src/lcd_i2c.o
                0x00000000080011a4                lcd_send_cmd
 .text.lcd_send_data
                0x0000000008001204       0x60 ./Core/Src/lcd_i2c.o
                0x0000000008001204                lcd_send_data
 .text.lcd_clear
                0x0000000008001264       0x2e ./Core/Src/lcd_i2c.o
                0x0000000008001264                lcd_clear
 .text.lcd_put_cur
                0x0000000008001292       0x3e ./Core/Src/lcd_i2c.o
                0x0000000008001292                lcd_put_cur
 .text.lcd_init
                0x00000000080012d0       0x7a ./Core/Src/lcd_i2c.o
                0x00000000080012d0                lcd_init
 .text.lcd_send_string
                0x000000000800134a       0x2a ./Core/Src/lcd_i2c.o
                0x000000000800134a                lcd_send_string
 .text.writeOnLCD
                0x0000000008001374       0x32 ./Core/Src/lcd_i2c.o
                0x0000000008001374                writeOnLCD
 *fill*         0x00000000080013a6        0x2 
 .text.main     0x00000000080013a8      0x624 ./Core/Src/main.o
                0x00000000080013a8                main
 .text.readButton2
                0x00000000080019cc       0x44 ./Core/Src/main.o
                0x00000000080019cc                readButton2
 .text.readButton1
                0x0000000008001a10       0x44 ./Core/Src/main.o
                0x0000000008001a10                readButton1
 .text.readButtonFinger
                0x0000000008001a54       0x38 ./Core/Src/main.o
                0x0000000008001a54                readButtonFinger
 .text.SystemClock_Config
                0x0000000008001a8c       0xb8 ./Core/Src/main.o
                0x0000000008001a8c                SystemClock_Config
 .text.Error_Handler
                0x0000000008001b44        0xa ./Core/Src/main.o
                0x0000000008001b44                Error_Handler
 *fill*         0x0000000008001b4e        0x2 
 .text.generatePassword
                0x0000000008001b50      0x108 ./Core/Src/password.o
                0x0000000008001b50                generatePassword
 .text.getRandomNumber
                0x0000000008001c58       0x40 ./Core/Src/password.o
                0x0000000008001c58                getRandomNumber
 .text.resetAllPassword
                0x0000000008001c98       0x24 ./Core/Src/password.o
                0x0000000008001c98                resetAllPassword
 .text.MX_SPI2_Init
                0x0000000008001cbc       0x6c ./Core/Src/spi.o
                0x0000000008001cbc                MX_SPI2_Init
 .text.HAL_SPI_MspInit
                0x0000000008001d28       0x98 ./Core/Src/spi.o
                0x0000000008001d28                HAL_SPI_MspInit
 .text.HAL_MspInit
                0x0000000008001dc0       0x64 ./Core/Src/stm32f1xx_hal_msp.o
                0x0000000008001dc0                HAL_MspInit
 .text.NMI_Handler
                0x0000000008001e24        0x6 ./Core/Src/stm32f1xx_it.o
                0x0000000008001e24                NMI_Handler
 .text.HardFault_Handler
                0x0000000008001e2a        0x6 ./Core/Src/stm32f1xx_it.o
                0x0000000008001e2a                HardFault_Handler
 .text.MemManage_Handler
                0x0000000008001e30        0x6 ./Core/Src/stm32f1xx_it.o
                0x0000000008001e30                MemManage_Handler
 .text.BusFault_Handler
                0x0000000008001e36        0x6 ./Core/Src/stm32f1xx_it.o
                0x0000000008001e36                BusFault_Handler
 .text.UsageFault_Handler
                0x0000000008001e3c        0x6 ./Core/Src/stm32f1xx_it.o
                0x0000000008001e3c                UsageFault_Handler
 .text.SVC_Handler
                0x0000000008001e42        0xc ./Core/Src/stm32f1xx_it.o
                0x0000000008001e42                SVC_Handler
 .text.DebugMon_Handler
                0x0000000008001e4e        0xc ./Core/Src/stm32f1xx_it.o
                0x0000000008001e4e                DebugMon_Handler
 .text.PendSV_Handler
                0x0000000008001e5a        0xc ./Core/Src/stm32f1xx_it.o
                0x0000000008001e5a                PendSV_Handler
 .text.SysTick_Handler
                0x0000000008001e66        0xc ./Core/Src/stm32f1xx_it.o
                0x0000000008001e66                SysTick_Handler
 *fill*         0x0000000008001e72        0x2 
 .text.USB_HP_CAN1_TX_IRQHandler
                0x0000000008001e74       0x14 ./Core/Src/stm32f1xx_it.o
                0x0000000008001e74                USB_HP_CAN1_TX_IRQHandler
 .text.USB_LP_CAN1_RX0_IRQHandler
                0x0000000008001e88       0x14 ./Core/Src/stm32f1xx_it.o
                0x0000000008001e88                USB_LP_CAN1_RX0_IRQHandler
 .text.USART1_IRQHandler
                0x0000000008001e9c       0x14 ./Core/Src/stm32f1xx_it.o
                0x0000000008001e9c                USART1_IRQHandler
 .text._sbrk    0x0000000008001eb0       0x6c ./Core/Src/sysmem.o
                0x0000000008001eb0                _sbrk
 .text.SystemInit
                0x0000000008001f1c        0xc ./Core/Src/system_stm32f1xx.o
                0x0000000008001f1c                SystemInit
 .text.MX_USART1_UART_Init
                0x0000000008001f28       0x54 ./Core/Src/usart.o
                0x0000000008001f28                MX_USART1_UART_Init
 .text.HAL_UART_MspInit
                0x0000000008001f7c       0xa8 ./Core/Src/usart.o
                0x0000000008001f7c                HAL_UART_MspInit
 .text.MX_USB_PCD_Init
                0x0000000008002024       0x44 ./Core/Src/usb.o
                0x0000000008002024                MX_USB_PCD_Init
 .text.HAL_PCD_MspInit
                0x0000000008002068       0x5c ./Core/Src/usb.o
                0x0000000008002068                HAL_PCD_MspInit
 .text.W25qxx_Spi
                0x00000000080020c4       0x2c ./Core/Src/w25qxx.o
                0x00000000080020c4                W25qxx_Spi
 .text.W25qxx_ReadID
                0x00000000080020f0       0x70 ./Core/Src/w25qxx.o
                0x00000000080020f0                W25qxx_ReadID
 .text.W25qxx_ReadUniqID
                0x0000000008002160       0x70 ./Core/Src/w25qxx.o
                0x0000000008002160                W25qxx_ReadUniqID
 .text.W25qxx_WriteEnable
                0x00000000080021d0       0x30 ./Core/Src/w25qxx.o
                0x00000000080021d0                W25qxx_WriteEnable
 .text.W25qxx_ReadStatusRegister
                0x0000000008002200       0x90 ./Core/Src/w25qxx.o
                0x0000000008002200                W25qxx_ReadStatusRegister
 .text.W25qxx_WaitForWriteEnd
                0x0000000008002290       0x58 ./Core/Src/w25qxx.o
                0x0000000008002290                W25qxx_WaitForWriteEnd
 .text.W25qxx_Init
                0x00000000080022e8      0x1a4 ./Core/Src/w25qxx.o
                0x00000000080022e8                W25qxx_Init
 .text.W25qxx_EraseBlock
                0x000000000800248c       0xb8 ./Core/Src/w25qxx.o
                0x000000000800248c                W25qxx_EraseBlock
 .text.W25qxx_BlockToPage
                0x0000000008002544       0x28 ./Core/Src/w25qxx.o
                0x0000000008002544                W25qxx_BlockToPage
 .text.W25qxx_WritePage
                0x000000000800256c      0x10c ./Core/Src/w25qxx.o
                0x000000000800256c                W25qxx_WritePage
 .text.W25qxx_WriteBlock
                0x0000000008002678       0xc4 ./Core/Src/w25qxx.o
                0x0000000008002678                W25qxx_WriteBlock
 .text.W25qxx_ReadPage
                0x000000000800273c      0x100 ./Core/Src/w25qxx.o
                0x000000000800273c                W25qxx_ReadPage
 .text.W25qxx_ReadBlock
                0x000000000800283c       0xc4 ./Core/Src/w25qxx.o
                0x000000000800283c                W25qxx_ReadBlock
 .text.Reset_Handler
                0x0000000008002900       0x48 ./Core/Startup/startup_stm32f103rbtx.o
                0x0000000008002900                Reset_Handler
 .text.Default_Handler
                0x0000000008002948        0x2 ./Core/Startup/startup_stm32f103rbtx.o
                0x0000000008002948                RTC_Alarm_IRQHandler
                0x0000000008002948                EXTI2_IRQHandler
                0x0000000008002948                TIM1_CC_IRQHandler
                0x0000000008002948                PVD_IRQHandler
                0x0000000008002948                EXTI3_IRQHandler
                0x0000000008002948                EXTI0_IRQHandler
                0x0000000008002948                I2C2_EV_IRQHandler
                0x0000000008002948                ADC1_2_IRQHandler
                0x0000000008002948                SPI1_IRQHandler
                0x0000000008002948                TAMPER_IRQHandler
                0x0000000008002948                DMA1_Channel4_IRQHandler
                0x0000000008002948                USART3_IRQHandler
                0x0000000008002948                RTC_IRQHandler
                0x0000000008002948                DMA1_Channel7_IRQHandler
                0x0000000008002948                CAN1_RX1_IRQHandler
                0x0000000008002948                TIM4_IRQHandler
                0x0000000008002948                I2C1_EV_IRQHandler
                0x0000000008002948                DMA1_Channel6_IRQHandler
                0x0000000008002948                TIM3_IRQHandler
                0x0000000008002948                RCC_IRQHandler
                0x0000000008002948                TIM1_TRG_COM_IRQHandler
                0x0000000008002948                DMA1_Channel1_IRQHandler
                0x0000000008002948                Default_Handler
                0x0000000008002948                EXTI15_10_IRQHandler
                0x0000000008002948                EXTI9_5_IRQHandler
                0x0000000008002948                SPI2_IRQHandler
                0x0000000008002948                DMA1_Channel5_IRQHandler
                0x0000000008002948                EXTI4_IRQHandler
                0x0000000008002948                DMA1_Channel3_IRQHandler
                0x0000000008002948                TIM1_UP_IRQHandler
                0x0000000008002948                WWDG_IRQHandler
                0x0000000008002948                TIM2_IRQHandler
                0x0000000008002948                TIM1_BRK_IRQHandler
                0x0000000008002948                EXTI1_IRQHandler
                0x0000000008002948                USART2_IRQHandler
                0x0000000008002948                I2C2_ER_IRQHandler
                0x0000000008002948                DMA1_Channel2_IRQHandler
                0x0000000008002948                CAN1_SCE_IRQHandler
                0x0000000008002948                FLASH_IRQHandler
                0x0000000008002948                I2C1_ER_IRQHandler
                0x0000000008002948                USBWakeUp_IRQHandler
 *fill*         0x000000000800294a        0x2 
 .text.HAL_Init
                0x000000000800294c       0x2c ./Drivers/STM32F1xx_HAL_Driver/Src/stm32f1xx_hal.o
                0x000000000800294c                HAL_Init
 .text.HAL_InitTick
                0x0000000008002978       0x60 ./Drivers/STM32F1xx_HAL_Driver/Src/stm32f1xx_hal.o
                0x0000000008002978                HAL_InitTick
 .text.HAL_IncTick
                0x00000000080029d8       0x24 ./Drivers/STM32F1xx_HAL_Driver/Src/stm32f1xx_hal.o
                0x00000000080029d8                HAL_IncTick
 .text.HAL_GetTick
                0x00000000080029fc       0x14 ./Drivers/STM32F1xx_HAL_Driver/Src/stm32f1xx_hal.o
                0x00000000080029fc                HAL_GetTick
 .text.HAL_Delay
                0x0000000008002a10       0x48 ./Drivers/STM32F1xx_HAL_Driver/Src/stm32f1xx_hal.o
                0x0000000008002a10                HAL_Delay
 .text.HAL_ADC_Init
                0x0000000008002a58      0x1b0 ./Drivers/STM32F1xx_HAL_Driver/Src/stm32f1xx_hal_adc.o
                0x0000000008002a58                HAL_ADC_Init
 .text.HAL_ADC_Start
                0x0000000008002c08      0x15c ./Drivers/STM32F1xx_HAL_Driver/Src/stm32f1xx_hal_adc.o
                0x0000000008002c08                HAL_ADC_Start
 .text.HAL_ADC_PollForConversion
                0x0000000008002d64      0x20c ./Drivers/STM32F1xx_HAL_Driver/Src/stm32f1xx_hal_adc.o
                0x0000000008002d64                HAL_ADC_PollForConversion
 .text.HAL_ADC_GetValue
                0x0000000008002f70       0x18 ./Drivers/STM32F1xx_HAL_Driver/Src/stm32f1xx_hal_adc.o
                0x0000000008002f70                HAL_ADC_GetValue
 .text.HAL_ADC_ConfigChannel
                0x0000000008002f88      0x1f0 ./Drivers/STM32F1xx_HAL_Driver/Src/stm32f1xx_hal_adc.o
                0x0000000008002f88                HAL_ADC_ConfigChannel
 .text.ADC_Enable
                0x0000000008003178       0xb4 ./Drivers/STM32F1xx_HAL_Driver/Src/stm32f1xx_hal_adc.o
                0x0000000008003178                ADC_Enable
 .text.ADC_ConversionStop_Disable
                0x000000000800322c       0x82 ./Drivers/STM32F1xx_HAL_Driver/Src/stm32f1xx_hal_adc.o
                0x000000000800322c                ADC_ConversionStop_Disable
 *fill*         0x00000000080032ae        0x2 
 .text.HAL_ADCEx_Calibration_Start
                0x00000000080032b0      0x158 ./Drivers/STM32F1xx_HAL_Driver/Src/stm32f1xx_hal_adc_ex.o
                0x00000000080032b0                HAL_ADCEx_Calibration_Start
 .text.__NVIC_SetPriorityGrouping
                0x0000000008003408       0x48 ./Drivers/STM32F1xx_HAL_Driver/Src/stm32f1xx_hal_cortex.o
 .text.__NVIC_GetPriorityGrouping
                0x0000000008003450       0x1c ./Drivers/STM32F1xx_HAL_Driver/Src/stm32f1xx_hal_cortex.o
 .text.__NVIC_EnableIRQ
                0x000000000800346c       0x38 ./Drivers/STM32F1xx_HAL_Driver/Src/stm32f1xx_hal_cortex.o
 .text.__NVIC_SetPriority
                0x00000000080034a4       0x54 ./Drivers/STM32F1xx_HAL_Driver/Src/stm32f1xx_hal_cortex.o
 .text.NVIC_EncodePriority
                0x00000000080034f8       0x64 ./Drivers/STM32F1xx_HAL_Driver/Src/stm32f1xx_hal_cortex.o
 .text.SysTick_Config
                0x000000000800355c       0x44 ./Drivers/STM32F1xx_HAL_Driver/Src/stm32f1xx_hal_cortex.o
 .text.HAL_NVIC_SetPriorityGrouping
                0x00000000080035a0       0x16 ./Drivers/STM32F1xx_HAL_Driver/Src/stm32f1xx_hal_cortex.o
                0x00000000080035a0                HAL_NVIC_SetPriorityGrouping
 .text.HAL_NVIC_SetPriority
                0x00000000080035b6       0x38 ./Drivers/STM32F1xx_HAL_Driver/Src/stm32f1xx_hal_cortex.o
                0x00000000080035b6                HAL_NVIC_SetPriority
 .text.HAL_NVIC_EnableIRQ
                0x00000000080035ee       0x1c ./Drivers/STM32F1xx_HAL_Driver/Src/stm32f1xx_hal_cortex.o
                0x00000000080035ee                HAL_NVIC_EnableIRQ
 .text.HAL_SYSTICK_Config
                0x000000000800360a       0x18 ./Drivers/STM32F1xx_HAL_Driver/Src/stm32f1xx_hal_cortex.o
                0x000000000800360a                HAL_SYSTICK_Config
 .text.HAL_DMA_Abort
                0x0000000008003622       0x74 ./Drivers/STM32F1xx_HAL_Driver/Src/stm32f1xx_hal_dma.o
                0x0000000008003622                HAL_DMA_Abort
 *fill*         0x0000000008003696        0x2 
 .text.HAL_DMA_Abort_IT
                0x0000000008003698       0xec ./Drivers/STM32F1xx_HAL_Driver/Src/stm32f1xx_hal_dma.o
                0x0000000008003698                HAL_DMA_Abort_IT
 .text.HAL_GPIO_Init
                0x0000000008003784      0x308 ./Drivers/STM32F1xx_HAL_Driver/Src/stm32f1xx_hal_gpio.o
                0x0000000008003784                HAL_GPIO_Init
 .text.HAL_GPIO_ReadPin
                0x0000000008003a8c       0x2e ./Drivers/STM32F1xx_HAL_Driver/Src/stm32f1xx_hal_gpio.o
                0x0000000008003a8c                HAL_GPIO_ReadPin
 .text.HAL_GPIO_WritePin
                0x0000000008003aba       0x30 ./Drivers/STM32F1xx_HAL_Driver/Src/stm32f1xx_hal_gpio.o
                0x0000000008003aba                HAL_GPIO_WritePin
 *fill*         0x0000000008003aea        0x2 
 .text.HAL_I2C_Init
                0x0000000008003aec      0x288 ./Drivers/STM32F1xx_HAL_Driver/Src/stm32f1xx_hal_i2c.o
                0x0000000008003aec                HAL_I2C_Init
 .text.HAL_I2C_Master_Transmit
                0x0000000008003d74      0x1fc ./Drivers/STM32F1xx_HAL_Driver/Src/stm32f1xx_hal_i2c.o
                0x0000000008003d74                HAL_I2C_Master_Transmit
 .text.I2C_MasterRequestWrite
                0x0000000008003f70      0x104 ./Drivers/STM32F1xx_HAL_Driver/Src/stm32f1xx_hal_i2c.o
 .text.I2C_WaitOnFlagUntilTimeout
                0x0000000008004074       0xae ./Drivers/STM32F1xx_HAL_Driver/Src/stm32f1xx_hal_i2c.o
 .text.I2C_WaitOnMasterAddressFlagUntilTimeout
                0x0000000008004122       0xfe ./Drivers/STM32F1xx_HAL_Driver/Src/stm32f1xx_hal_i2c.o
 .text.I2C_WaitOnTXEFlagUntilTimeout
                0x0000000008004220       0x82 ./Drivers/STM32F1xx_HAL_Driver/Src/stm32f1xx_hal_i2c.o
 .text.I2C_WaitOnBTFFlagUntilTimeout
                0x00000000080042a2       0x82 ./Drivers/STM32F1xx_HAL_Driver/Src/stm32f1xx_hal_i2c.o
 .text.I2C_IsAcknowledgeFailed
                0x0000000008004324       0x5c ./Drivers/STM32F1xx_HAL_Driver/Src/stm32f1xx_hal_i2c.o
 .text.HAL_PCD_Init
                0x0000000008004380      0x216 ./Drivers/STM32F1xx_HAL_Driver/Src/stm32f1xx_hal_pcd.o
                0x0000000008004380                HAL_PCD_Init
 .text.HAL_PCD_Start
                0x0000000008004596       0x4c ./Drivers/STM32F1xx_HAL_Driver/Src/stm32f1xx_hal_pcd.o
                0x0000000008004596                HAL_PCD_Start
 .text.HAL_PCD_IRQHandler
                0x00000000080045e2      0x2a6 ./Drivers/STM32F1xx_HAL_Driver/Src/stm32f1xx_hal_pcd.o
                0x00000000080045e2                HAL_PCD_IRQHandler
 .text.HAL_PCD_SetAddress
                0x0000000008004888       0x4a ./Drivers/STM32F1xx_HAL_Driver/Src/stm32f1xx_hal_pcd.o
                0x0000000008004888                HAL_PCD_SetAddress
 .text.HAL_PCD_EP_Open
                0x00000000080048d2       0xcc ./Drivers/STM32F1xx_HAL_Driver/Src/stm32f1xx_hal_pcd.o
                0x00000000080048d2                HAL_PCD_EP_Open
 .text.HAL_PCD_EP_Close
                0x000000000800499e       0x90 ./Drivers/STM32F1xx_HAL_Driver/Src/stm32f1xx_hal_pcd.o
                0x000000000800499e                HAL_PCD_EP_Close
 .text.HAL_PCD_EP_Receive
                0x0000000008004a2e       0x7a ./Drivers/STM32F1xx_HAL_Driver/Src/stm32f1xx_hal_pcd.o
                0x0000000008004a2e                HAL_PCD_EP_Receive
 .text.HAL_PCD_EP_GetRxCount
                0x0000000008004aa8       0x2e ./Drivers/STM32F1xx_HAL_Driver/Src/stm32f1xx_hal_pcd.o
                0x0000000008004aa8                HAL_PCD_EP_GetRxCount
 .text.HAL_PCD_EP_Transmit
                0x0000000008004ad6       0x86 ./Drivers/STM32F1xx_HAL_Driver/Src/stm32f1xx_hal_pcd.o
                0x0000000008004ad6                HAL_PCD_EP_Transmit
 .text.HAL_PCD_EP_SetStall
                0x0000000008004b5c       0xc0 ./Drivers/STM32F1xx_HAL_Driver/Src/stm32f1xx_hal_pcd.o
                0x0000000008004b5c                HAL_PCD_EP_SetStall
 .text.HAL_PCD_EP_ClrStall
                0x0000000008004c1c       0xa8 ./Drivers/STM32F1xx_HAL_Driver/Src/stm32f1xx_hal_pcd.o
                0x0000000008004c1c                HAL_PCD_EP_ClrStall
 .text.PCD_EP_ISR_Handler
                0x0000000008004cc4      0x600 ./Drivers/STM32F1xx_HAL_Driver/Src/stm32f1xx_hal_pcd.o
 .text.HAL_PCD_EP_DB_Receive
                0x00000000080052c4      0x21a ./Drivers/STM32F1xx_HAL_Driver/Src/stm32f1xx_hal_pcd.o
 .text.HAL_PCD_EP_DB_Transmit
                0x00000000080054de      0x7a4 ./Drivers/STM32F1xx_HAL_Driver/Src/stm32f1xx_hal_pcd.o
 .text.HAL_PCDEx_PMAConfig
                0x0000000008005c82       0x84 ./Drivers/STM32F1xx_HAL_Driver/Src/stm32f1xx_hal_pcd_ex.o
                0x0000000008005c82                HAL_PCDEx_PMAConfig
 .text.HAL_PCDEx_SetConnectionState
                0x0000000008005d06       0x16 ./Drivers/STM32F1xx_HAL_Driver/Src/stm32f1xx_hal_pcd_ex.o
                0x0000000008005d06                HAL_PCDEx_SetConnectionState
 .text.HAL_RCC_OscConfig
                0x0000000008005d1c      0x504 ./Drivers/STM32F1xx_HAL_Driver/Src/stm32f1xx_hal_rcc.o
                0x0000000008005d1c                HAL_RCC_OscConfig
 .text.HAL_RCC_ClockConfig
                0x0000000008006220      0x1d4 ./Drivers/STM32F1xx_HAL_Driver/Src/stm32f1xx_hal_rcc.o
                0x0000000008006220                HAL_RCC_ClockConfig
 .text.HAL_RCC_GetSysClockFreq
                0x00000000080063f4       0xbc ./Drivers/STM32F1xx_HAL_Driver/Src/stm32f1xx_hal_rcc.o
                0x00000000080063f4                HAL_RCC_GetSysClockFreq
 .text.HAL_RCC_GetHCLKFreq
                0x00000000080064b0       0x14 ./Drivers/STM32F1xx_HAL_Driver/Src/stm32f1xx_hal_rcc.o
                0x00000000080064b0                HAL_RCC_GetHCLKFreq
 .text.HAL_RCC_GetPCLK1Freq
                0x00000000080064c4       0x28 ./Drivers/STM32F1xx_HAL_Driver/Src/stm32f1xx_hal_rcc.o
                0x00000000080064c4                HAL_RCC_GetPCLK1Freq
 .text.HAL_RCC_GetPCLK2Freq
                0x00000000080064ec       0x28 ./Drivers/STM32F1xx_HAL_Driver/Src/stm32f1xx_hal_rcc.o
                0x00000000080064ec                HAL_RCC_GetPCLK2Freq
 .text.RCC_Delay
                0x0000000008006514       0x3c ./Drivers/STM32F1xx_HAL_Driver/Src/stm32f1xx_hal_rcc.o
 .text.HAL_RCCEx_PeriphCLKConfig
                0x0000000008006550      0x16c ./Drivers/STM32F1xx_HAL_Driver/Src/stm32f1xx_hal_rcc_ex.o
                0x0000000008006550                HAL_RCCEx_PeriphCLKConfig
 .text.HAL_RCCEx_GetPeriphCLKFreq
                0x00000000080066bc      0x180 ./Drivers/STM32F1xx_HAL_Driver/Src/stm32f1xx_hal_rcc_ex.o
                0x00000000080066bc                HAL_RCCEx_GetPeriphCLKFreq
 .text.HAL_SPI_Init
                0x000000000800683c      0x108 ./Drivers/STM32F1xx_HAL_Driver/Src/stm32f1xx_hal_spi.o
                0x000000000800683c                HAL_SPI_Init
 .text.HAL_SPI_Transmit
                0x0000000008006944      0x278 ./Drivers/STM32F1xx_HAL_Driver/Src/stm32f1xx_hal_spi.o
                0x0000000008006944                HAL_SPI_Transmit
 .text.HAL_SPI_Receive
                0x0000000008006bbc      0x222 ./Drivers/STM32F1xx_HAL_Driver/Src/stm32f1xx_hal_spi.o
                0x0000000008006bbc                HAL_SPI_Receive
 .text.HAL_SPI_TransmitReceive
                0x0000000008006dde      0x344 ./Drivers/STM32F1xx_HAL_Driver/Src/stm32f1xx_hal_spi.o
                0x0000000008006dde                HAL_SPI_TransmitReceive
 *fill*         0x0000000008007122        0x2 
 .text.SPI_WaitFlagStateUntilTimeout
                0x0000000008007124      0x110 ./Drivers/STM32F1xx_HAL_Driver/Src/stm32f1xx_hal_spi.o
 .text.SPI_EndRxTransaction
                0x0000000008007234       0xa4 ./Drivers/STM32F1xx_HAL_Driver/Src/stm32f1xx_hal_spi.o
 .text.SPI_EndRxTxTransaction
                0x00000000080072d8       0x3c ./Drivers/STM32F1xx_HAL_Driver/Src/stm32f1xx_hal_spi.o
 .text.HAL_UART_Init
                0x0000000008007314       0x9a ./Drivers/STM32F1xx_HAL_Driver/Src/stm32f1xx_hal_uart.o
                0x0000000008007314                HAL_UART_Init
 .text.HAL_UART_Transmit
                0x00000000080073ae      0x124 ./Drivers/STM32F1xx_HAL_Driver/Src/stm32f1xx_hal_uart.o
                0x00000000080073ae                HAL_UART_Transmit
 .text.HAL_UART_Receive_IT
                0x00000000080074d2       0x60 ./Drivers/STM32F1xx_HAL_Driver/Src/stm32f1xx_hal_uart.o
                0x00000000080074d2                HAL_UART_Receive_IT
 *fill*         0x0000000008007532        0x2 
 .text.HAL_UART_IRQHandler
                0x0000000008007534      0x354 ./Drivers/STM32F1xx_HAL_Driver/Src/stm32f1xx_hal_uart.o
                0x0000000008007534                HAL_UART_IRQHandler
 .text.HAL_UART_TxCpltCallback
                0x0000000008007888       0x12 ./Drivers/STM32F1xx_HAL_Driver/Src/stm32f1xx_hal_uart.o
                0x0000000008007888                HAL_UART_TxCpltCallback
 .text.HAL_UART_ErrorCallback
                0x000000000800789a       0x12 ./Drivers/STM32F1xx_HAL_Driver/Src/stm32f1xx_hal_uart.o
                0x000000000800789a                HAL_UART_ErrorCallback
 .text.HAL_UARTEx_RxEventCallback
                0x00000000080078ac       0x16 ./Drivers/STM32F1xx_HAL_Driver/Src/stm32f1xx_hal_uart.o
                0x00000000080078ac                HAL_UARTEx_RxEventCallback
 .text.UART_WaitOnFlagUntilTimeout
                0x00000000080078c2       0x94 ./Drivers/STM32F1xx_HAL_Driver/Src/stm32f1xx_hal_uart.o
 .text.UART_Start_Receive_IT
                0x0000000008007956       0x72 ./Drivers/STM32F1xx_HAL_Driver/Src/stm32f1xx_hal_uart.o
                0x0000000008007956                UART_Start_Receive_IT
 .text.UART_EndRxTransfer
                0x00000000080079c8       0x58 ./Drivers/STM32F1xx_HAL_Driver/Src/stm32f1xx_hal_uart.o
 .text.UART_DMAAbortOnError
                0x0000000008007a20       0x28 ./Drivers/STM32F1xx_HAL_Driver/Src/stm32f1xx_hal_uart.o
 .text.UART_Transmit_IT
                0x0000000008007a48       0x9e ./Drivers/STM32F1xx_HAL_Driver/Src/stm32f1xx_hal_uart.o
 .text.UART_EndTransmit_IT
                0x0000000008007ae6       0x30 ./Drivers/STM32F1xx_HAL_Driver/Src/stm32f1xx_hal_uart.o
 .text.UART_Receive_IT
                0x0000000008007b16      0x152 ./Drivers/STM32F1xx_HAL_Driver/Src/stm32f1xx_hal_uart.o
 .text.UART_SetConfig
                0x0000000008007c68      0x11c ./Drivers/STM32F1xx_HAL_Driver/Src/stm32f1xx_hal_uart.o
 .text.USB_CoreInit
                0x0000000008007d84       0x20 ./Drivers/STM32F1xx_HAL_Driver/Src/stm32f1xx_ll_usb.o
                0x0000000008007d84                USB_CoreInit
 .text.USB_EnableGlobalInt
                0x0000000008007da4       0x2c ./Drivers/STM32F1xx_HAL_Driver/Src/stm32f1xx_ll_usb.o
                0x0000000008007da4                USB_EnableGlobalInt
 .text.USB_DisableGlobalInt
                0x0000000008007dd0       0x34 ./Drivers/STM32F1xx_HAL_Driver/Src/stm32f1xx_ll_usb.o
                0x0000000008007dd0                USB_DisableGlobalInt
 .text.USB_SetCurrentMode
                0x0000000008007e04       0x18 ./Drivers/STM32F1xx_HAL_Driver/Src/stm32f1xx_ll_usb.o
                0x0000000008007e04                USB_SetCurrentMode
 .text.USB_DevInit
                0x0000000008007e1c       0x40 ./Drivers/STM32F1xx_HAL_Driver/Src/stm32f1xx_ll_usb.o
                0x0000000008007e1c                USB_DevInit
 .text.USB_ActivateEndpoint
                0x0000000008007e5c      0x6d4 ./Drivers/STM32F1xx_HAL_Driver/Src/stm32f1xx_ll_usb.o
                0x0000000008007e5c                USB_ActivateEndpoint
 .text.USB_DeactivateEndpoint
                0x0000000008008530      0x3d8 ./Drivers/STM32F1xx_HAL_Driver/Src/stm32f1xx_ll_usb.o
                0x0000000008008530                USB_DeactivateEndpoint
 .text.USB_EPStartXfer
                0x0000000008008908     0x1c70 ./Drivers/STM32F1xx_HAL_Driver/Src/stm32f1xx_ll_usb.o
                0x0000000008008908                USB_EPStartXfer
 .text.USB_EPSetStall
                0x000000000800a578       0xa0 ./Drivers/STM32F1xx_HAL_Driver/Src/stm32f1xx_ll_usb.o
                0x000000000800a578                USB_EPSetStall
 .text.USB_EPClearStall
                0x000000000800a618      0x15a ./Drivers/STM32F1xx_HAL_Driver/Src/stm32f1xx_ll_usb.o
                0x000000000800a618                USB_EPClearStall
 .text.USB_SetDevAddress
                0x000000000800a772       0x26 ./Drivers/STM32F1xx_HAL_Driver/Src/stm32f1xx_ll_usb.o
                0x000000000800a772                USB_SetDevAddress
 .text.USB_DevConnect
                0x000000000800a798       0x14 ./Drivers/STM32F1xx_HAL_Driver/Src/stm32f1xx_ll_usb.o
                0x000000000800a798                USB_DevConnect
 .text.USB_DevDisconnect
                0x000000000800a7ac       0x14 ./Drivers/STM32F1xx_HAL_Driver/Src/stm32f1xx_ll_usb.o
                0x000000000800a7ac                USB_DevDisconnect
 .text.USB_ReadInterrupts
                0x000000000800a7c0       0x1e ./Drivers/STM32F1xx_HAL_Driver/Src/stm32f1xx_ll_usb.o
                0x000000000800a7c0                USB_ReadInterrupts
 .text.USB_EP0_OutStart
                0x000000000800a7de       0x16 ./Drivers/STM32F1xx_HAL_Driver/Src/stm32f1xx_ll_usb.o
                0x000000000800a7de                USB_EP0_OutStart
 .text.USB_WritePMA
                0x000000000800a7f4       0x8a ./Drivers/STM32F1xx_HAL_Driver/Src/stm32f1xx_ll_usb.o
                0x000000000800a7f4                USB_WritePMA
 .text.USB_ReadPMA
                0x000000000800a87e       0x9e ./Drivers/STM32F1xx_HAL_Driver/Src/stm32f1xx_ll_usb.o
                0x000000000800a87e                USB_ReadPMA
 .text.MX_USB_DEVICE_Init
                0x000000000800a91c       0x64 ./Middlewares/Third_Party/AL94_USB_Composite/COMPOSITE/App/usb_device.o
                0x000000000800a91c                MX_USB_DEVICE_Init
 .text.CDC_Init
                0x000000000800a980       0x30 ./Middlewares/Third_Party/AL94_USB_Composite/COMPOSITE/App/usbd_cdc_acm_if.o
 .text.CDC_DeInit
                0x000000000800a9b0       0x16 ./Middlewares/Third_Party/AL94_USB_Composite/COMPOSITE/App/usbd_cdc_acm_if.o
 *fill*         0x000000000800a9c6        0x2 
 .text.CDC_Control
                0x000000000800a9c8      0x19c ./Middlewares/Third_Party/AL94_USB_Composite/COMPOSITE/App/usbd_cdc_acm_if.o
 .text.CDC_Receive
                0x000000000800ab64       0x44 ./Middlewares/Third_Party/AL94_USB_Composite/COMPOSITE/App/usbd_cdc_acm_if.o
 .text.CDC_TransmitCplt
                0x000000000800aba8       0x20 ./Middlewares/Third_Party/AL94_USB_Composite/COMPOSITE/App/usbd_cdc_acm_if.o
 .text.CDC_Transmit
                0x000000000800abc8       0x64 ./Middlewares/Third_Party/AL94_USB_Composite/COMPOSITE/App/usbd_cdc_acm_if.o
                0x000000000800abc8                CDC_Transmit
 .text.USBD_DeviceDescriptor
                0x000000000800ac2c       0x24 ./Middlewares/Third_Party/AL94_USB_Composite/COMPOSITE/App/usbd_desc.o
                0x000000000800ac2c                USBD_DeviceDescriptor
 .text.USBD_LangIDStrDescriptor
                0x000000000800ac50       0x24 ./Middlewares/Third_Party/AL94_USB_Composite/COMPOSITE/App/usbd_desc.o
                0x000000000800ac50                USBD_LangIDStrDescriptor
 .text.USBD_ProductStrDescriptor
                0x000000000800ac74       0x3c ./Middlewares/Third_Party/AL94_USB_Composite/COMPOSITE/App/usbd_desc.o
                0x000000000800ac74                USBD_ProductStrDescriptor
 .text.USBD_ManufacturerStrDescriptor
                0x000000000800acb0       0x28 ./Middlewares/Third_Party/AL94_USB_Composite/COMPOSITE/App/usbd_desc.o
                0x000000000800acb0                USBD_ManufacturerStrDescriptor
 .text.USBD_SerialStrDescriptor
                0x000000000800acd8       0x24 ./Middlewares/Third_Party/AL94_USB_Composite/COMPOSITE/App/usbd_desc.o
                0x000000000800acd8                USBD_SerialStrDescriptor
 .text.USBD_ConfigStrDescriptor
                0x000000000800acfc       0x3c ./Middlewares/Third_Party/AL94_USB_Composite/COMPOSITE/App/usbd_desc.o
                0x000000000800acfc                USBD_ConfigStrDescriptor
 .text.USBD_InterfaceStrDescriptor
                0x000000000800ad38       0x3c ./Middlewares/Third_Party/AL94_USB_Composite/COMPOSITE/App/usbd_desc.o
                0x000000000800ad38                USBD_InterfaceStrDescriptor
 .text.Get_SerialNum
                0x000000000800ad74       0x58 ./Middlewares/Third_Party/AL94_USB_Composite/COMPOSITE/App/usbd_desc.o
 .text.IntToUnicode
                0x000000000800adcc       0x7c ./Middlewares/Third_Party/AL94_USB_Composite/COMPOSITE/App/usbd_desc.o
 .text.USBD_CDC_Init
                0x000000000800ae48      0x1c8 ./Middlewares/Third_Party/AL94_USB_Composite/COMPOSITE/Class/CDC_ACM/Src/usbd_cdc_acm.o
 .text.USBD_CDC_DeInit
                0x000000000800b010       0xe0 ./Middlewares/Third_Party/AL94_USB_Composite/COMPOSITE/Class/CDC_ACM/Src/usbd_cdc_acm.o
 .text.USBD_CDC_Setup
                0x000000000800b0f0      0x1f0 ./Middlewares/Third_Party/AL94_USB_Composite/COMPOSITE/Class/CDC_ACM/Src/usbd_cdc_acm.o
 .text.USBD_CDC_DataIn
                0x000000000800b2e0      0x100 ./Middlewares/Third_Party/AL94_USB_Composite/COMPOSITE/Class/CDC_ACM/Src/usbd_cdc_acm.o
 .text.USBD_CDC_DataOut
                0x000000000800b3e0       0x84 ./Middlewares/Third_Party/AL94_USB_Composite/COMPOSITE/Class/CDC_ACM/Src/usbd_cdc_acm.o
 .text.USBD_CDC_EP0_RxReady
                0x000000000800b464       0x84 ./Middlewares/Third_Party/AL94_USB_Composite/COMPOSITE/Class/CDC_ACM/Src/usbd_cdc_acm.o
 .text.USBD_CDC_GetFSCfgDesc
                0x000000000800b4e8       0x20 ./Middlewares/Third_Party/AL94_USB_Composite/COMPOSITE/Class/CDC_ACM/Src/usbd_cdc_acm.o
 .text.USBD_CDC_GetHSCfgDesc
                0x000000000800b508       0x20 ./Middlewares/Third_Party/AL94_USB_Composite/COMPOSITE/Class/CDC_ACM/Src/usbd_cdc_acm.o
 .text.USBD_CDC_GetOtherSpeedCfgDesc
                0x000000000800b528       0x20 ./Middlewares/Third_Party/AL94_USB_Composite/COMPOSITE/Class/CDC_ACM/Src/usbd_cdc_acm.o
 .text.USBD_CDC_GetDeviceQualifierDescriptor
                0x000000000800b548       0x20 ./Middlewares/Third_Party/AL94_USB_Composite/COMPOSITE/Class/CDC_ACM/Src/usbd_cdc_acm.o
 .text.USBD_CDC_ACM_RegisterInterface
                0x000000000800b568       0x28 ./Middlewares/Third_Party/AL94_USB_Composite/COMPOSITE/Class/CDC_ACM/Src/usbd_cdc_acm.o
                0x000000000800b568                USBD_CDC_ACM_RegisterInterface
 .text.USBD_CDC_SetTxBuffer
                0x000000000800b590       0x44 ./Middlewares/Third_Party/AL94_USB_Composite/COMPOSITE/Class/CDC_ACM/Src/usbd_cdc_acm.o
                0x000000000800b590                USBD_CDC_SetTxBuffer
 .text.USBD_CDC_SetRxBuffer
                0x000000000800b5d4       0x3c ./Middlewares/Third_Party/AL94_USB_Composite/COMPOSITE/Class/CDC_ACM/Src/usbd_cdc_acm.o
                0x000000000800b5d4                USBD_CDC_SetRxBuffer
 .text.USBD_CDC_TransmitPacket
                0x000000000800b610       0x84 ./Middlewares/Third_Party/AL94_USB_Composite/COMPOSITE/Class/CDC_ACM/Src/usbd_cdc_acm.o
                0x000000000800b610                USBD_CDC_TransmitPacket
 .text.USBD_CDC_ReceivePacket
                0x000000000800b694       0x68 ./Middlewares/Third_Party/AL94_USB_Composite/COMPOSITE/Class/CDC_ACM/Src/usbd_cdc_acm.o
                0x000000000800b694                USBD_CDC_ReceivePacket
 .text.USBD_Update_CDC_ACM_DESC
                0x000000000800b6fc      0x108 ./Middlewares/Third_Party/AL94_USB_Composite/COMPOSITE/Class/CDC_ACM/Src/usbd_cdc_acm.o
                0x000000000800b6fc                USBD_Update_CDC_ACM_DESC
 .text.USBD_COMPOSITE_Init
                0x000000000800b804       0x38 ./Middlewares/Third_Party/AL94_USB_Composite/COMPOSITE/Class/COMPOSITE/Src/usbd_composite.o
 .text.USBD_COMPOSITE_DeInit
                0x000000000800b83c       0x38 ./Middlewares/Third_Party/AL94_USB_Composite/COMPOSITE/Class/COMPOSITE/Src/usbd_composite.o
 .text.USBD_COMPOSITE_Setup
                0x000000000800b874       0x84 ./Middlewares/Third_Party/AL94_USB_Composite/COMPOSITE/Class/COMPOSITE/Src/usbd_composite.o
 .text.USBD_COMPOSITE_DataIn
                0x000000000800b8f8       0x8c ./Middlewares/Third_Party/AL94_USB_Composite/COMPOSITE/Class/COMPOSITE/Src/usbd_composite.o
 .text.USBD_COMPOSITE_EP0_RxReady
                0x000000000800b984       0x20 ./Middlewares/Third_Party/AL94_USB_Composite/COMPOSITE/Class/COMPOSITE/Src/usbd_composite.o
 .text.USBD_COMPOSITE_EP0_TxReady
                0x000000000800b9a4       0x14 ./Middlewares/Third_Party/AL94_USB_Composite/COMPOSITE/Class/COMPOSITE/Src/usbd_composite.o
 .text.USBD_COMPOSITE_SOF
                0x000000000800b9b8       0x14 ./Middlewares/Third_Party/AL94_USB_Composite/COMPOSITE/Class/COMPOSITE/Src/usbd_composite.o
 .text.USBD_COMPOSITE_IsoINIncomplete
                0x000000000800b9cc       0x18 ./Middlewares/Third_Party/AL94_USB_Composite/COMPOSITE/Class/COMPOSITE/Src/usbd_composite.o
 .text.USBD_COMPOSITE_IsoOutIncomplete
                0x000000000800b9e4       0x18 ./Middlewares/Third_Party/AL94_USB_Composite/COMPOSITE/Class/COMPOSITE/Src/usbd_composite.o
 .text.USBD_COMPOSITE_DataOut
                0x000000000800b9fc       0x4c ./Middlewares/Third_Party/AL94_USB_Composite/COMPOSITE/Class/COMPOSITE/Src/usbd_composite.o
 .text.USBD_COMPOSITE_GetHSCfgDesc
                0x000000000800ba48       0x20 ./Middlewares/Third_Party/AL94_USB_Composite/COMPOSITE/Class/COMPOSITE/Src/usbd_composite.o
 .text.USBD_COMPOSITE_GetFSCfgDesc
                0x000000000800ba68       0x20 ./Middlewares/Third_Party/AL94_USB_Composite/COMPOSITE/Class/COMPOSITE/Src/usbd_composite.o
 .text.USBD_COMPOSITE_GetOtherSpeedCfgDesc
                0x000000000800ba88       0x20 ./Middlewares/Third_Party/AL94_USB_Composite/COMPOSITE/Class/COMPOSITE/Src/usbd_composite.o
 .text.USBD_COMPOSITE_GetDeviceQualifierDesc
                0x000000000800baa8       0x20 ./Middlewares/Third_Party/AL94_USB_Composite/COMPOSITE/Class/COMPOSITE/Src/usbd_composite.o
 .text.USBD_COMPOSITE_GetUsrStringDesc
                0x000000000800bac8       0xa8 ./Middlewares/Third_Party/AL94_USB_Composite/COMPOSITE/Class/COMPOSITE/Src/usbd_composite.o
 .text.USBD_COMPOSITE_Mount_Class
                0x000000000800bb70      0x1fc ./Middlewares/Third_Party/AL94_USB_Composite/COMPOSITE/Class/COMPOSITE/Src/usbd_composite.o
                0x000000000800bb70                USBD_COMPOSITE_Mount_Class
 .text.USBD_HID_Init
                0x000000000800bd6c       0xa8 ./Middlewares/Third_Party/AL94_USB_Composite/COMPOSITE/Class/HID_KEYBOARD/Src/usbd_hid_keyboard.o
 .text.USBD_HID_DeInit
                0x000000000800be14       0x6c ./Middlewares/Third_Party/AL94_USB_Composite/COMPOSITE/Class/HID_KEYBOARD/Src/usbd_hid_keyboard.o
 .text.USBD_HID_Setup
                0x000000000800be80      0x208 ./Middlewares/Third_Party/AL94_USB_Composite/COMPOSITE/Class/HID_KEYBOARD/Src/usbd_hid_keyboard.o
 .text.USBD_HID_GetFSCfgDesc
                0x000000000800c088       0x20 ./Middlewares/Third_Party/AL94_USB_Composite/COMPOSITE/Class/HID_KEYBOARD/Src/usbd_hid_keyboard.o
 .text.USBD_HID_GetHSCfgDesc
                0x000000000800c0a8       0x20 ./Middlewares/Third_Party/AL94_USB_Composite/COMPOSITE/Class/HID_KEYBOARD/Src/usbd_hid_keyboard.o
 .text.USBD_HID_GetOtherSpeedCfgDesc
                0x000000000800c0c8       0x20 ./Middlewares/Third_Party/AL94_USB_Composite/COMPOSITE/Class/HID_KEYBOARD/Src/usbd_hid_keyboard.o
 .text.USBD_HID_DataIn
                0x000000000800c0e8       0x22 ./Middlewares/Third_Party/AL94_USB_Composite/COMPOSITE/Class/HID_KEYBOARD/Src/usbd_hid_keyboard.o
 *fill*         0x000000000800c10a        0x2 
 .text.USBD_HID_GetDeviceQualifierDesc
                0x000000000800c10c       0x20 ./Middlewares/Third_Party/AL94_USB_Composite/COMPOSITE/Class/HID_KEYBOARD/Src/usbd_hid_keyboard.o
 .text.USBD_HID_Keybaord_SendReport
                0x000000000800c12c       0x58 ./Middlewares/Third_Party/AL94_USB_Composite/COMPOSITE/Class/HID_KEYBOARD/Src/usbd_hid_keyboard.o
                0x000000000800c12c                USBD_HID_Keybaord_SendReport
 .text.USBD_Update_HID_KBD_DESC
                0x000000000800c184       0x5c ./Middlewares/Third_Party/AL94_USB_Composite/COMPOSITE/Class/HID_KEYBOARD/Src/usbd_hid_keyboard.o
                0x000000000800c184                USBD_Update_HID_KBD_DESC
 .text.USBD_Init
                0x000000000800c1e0       0x58 ./Middlewares/Third_Party/AL94_USB_Composite/COMPOSITE/Core/Src/usbd_core.o
                0x000000000800c1e0                USBD_Init
 .text.USBD_RegisterClass
                0x000000000800c238       0x7c ./Middlewares/Third_Party/AL94_USB_Composite/COMPOSITE/Core/Src/usbd_core.o
                0x000000000800c238                USBD_RegisterClass
 .text.USBD_Start
                0x000000000800c2b4       0x18 ./Middlewares/Third_Party/AL94_USB_Composite/COMPOSITE/Core/Src/usbd_core.o
                0x000000000800c2b4                USBD_Start
 .text.USBD_RunTestMode
                0x000000000800c2cc       0x14 ./Middlewares/Third_Party/AL94_USB_Composite/COMPOSITE/Core/Src/usbd_core.o
                0x000000000800c2cc                USBD_RunTestMode
 .text.USBD_SetClassConfig
                0x000000000800c2e0       0x38 ./Middlewares/Third_Party/AL94_USB_Composite/COMPOSITE/Core/Src/usbd_core.o
                0x000000000800c2e0                USBD_SetClassConfig
 .text.USBD_ClrClassConfig
                0x000000000800c318       0x30 ./Middlewares/Third_Party/AL94_USB_Composite/COMPOSITE/Core/Src/usbd_core.o
                0x000000000800c318                USBD_ClrClassConfig
 .text.USBD_LL_SetupStage
                0x000000000800c348       0xaa ./Middlewares/Third_Party/AL94_USB_Composite/COMPOSITE/Core/Src/usbd_core.o
                0x000000000800c348                USBD_LL_SetupStage
 .text.USBD_LL_DataOutStage
                0x000000000800c3f2       0xc6 ./Middlewares/Third_Party/AL94_USB_Composite/COMPOSITE/Core/Src/usbd_core.o
                0x000000000800c3f2                USBD_LL_DataOutStage
 .text.USBD_LL_DataInStage
                0x000000000800c4b8      0x12c ./Middlewares/Third_Party/AL94_USB_Composite/COMPOSITE/Core/Src/usbd_core.o
                0x000000000800c4b8                USBD_LL_DataInStage
 .text.USBD_LL_Reset
                0x000000000800c5e4       0x92 ./Middlewares/Third_Party/AL94_USB_Composite/COMPOSITE/Core/Src/usbd_core.o
                0x000000000800c5e4                USBD_LL_Reset
 .text.USBD_LL_SetSpeed
                0x000000000800c676       0x1e ./Middlewares/Third_Party/AL94_USB_Composite/COMPOSITE/Core/Src/usbd_core.o
                0x000000000800c676                USBD_LL_SetSpeed
 .text.USBD_LL_Suspend
                0x000000000800c694       0x2a ./Middlewares/Third_Party/AL94_USB_Composite/COMPOSITE/Core/Src/usbd_core.o
                0x000000000800c694                USBD_LL_Suspend
 .text.USBD_LL_Resume
                0x000000000800c6be       0x2e ./Middlewares/Third_Party/AL94_USB_Composite/COMPOSITE/Core/Src/usbd_core.o
                0x000000000800c6be                USBD_LL_Resume
 .text.USBD_LL_SOF
                0x000000000800c6ec       0x44 ./Middlewares/Third_Party/AL94_USB_Composite/COMPOSITE/Core/Src/usbd_core.o
                0x000000000800c6ec                USBD_LL_SOF
 .text.SWAPBYTE
                0x000000000800c730       0x3a ./Middlewares/Third_Party/AL94_USB_Composite/COMPOSITE/Core/Src/usbd_ctlreq.o
 *fill*         0x000000000800c76a        0x2 
 .text.USBD_StdDevReq
                0x000000000800c76c       0xdc ./Middlewares/Third_Party/AL94_USB_Composite/COMPOSITE/Core/Src/usbd_ctlreq.o
                0x000000000800c76c                USBD_StdDevReq
 .text.USBD_StdItfReq
                0x000000000800c848       0x92 ./Middlewares/Third_Party/AL94_USB_Composite/COMPOSITE/Core/Src/usbd_ctlreq.o
                0x000000000800c848                USBD_StdItfReq
 .text.USBD_StdEPReq
                0x000000000800c8da      0x2c4 ./Middlewares/Third_Party/AL94_USB_Composite/COMPOSITE/Core/Src/usbd_ctlreq.o
                0x000000000800c8da                USBD_StdEPReq
 *fill*         0x000000000800cb9e        0x2 
 .text.USBD_GetDescriptor
                0x000000000800cba0      0x2f8 ./Middlewares/Third_Party/AL94_USB_Composite/COMPOSITE/Core/Src/usbd_ctlreq.o
 .text.USBD_SetAddress
                0x000000000800ce98       0x88 ./Middlewares/Third_Party/AL94_USB_Composite/COMPOSITE/Core/Src/usbd_ctlreq.o
 .text.USBD_SetConfig
                0x000000000800cf20      0x14c ./Middlewares/Third_Party/AL94_USB_Composite/COMPOSITE/Core/Src/usbd_ctlreq.o
 .text.USBD_GetConfig
                0x000000000800d06c       0x6c ./Middlewares/Third_Party/AL94_USB_Composite/COMPOSITE/Core/Src/usbd_ctlreq.o
 .text.USBD_GetStatus
                0x000000000800d0d8       0x68 ./Middlewares/Third_Party/AL94_USB_Composite/COMPOSITE/Core/Src/usbd_ctlreq.o
 .text.USBD_SetFeature
                0x000000000800d140       0x28 ./Middlewares/Third_Party/AL94_USB_Composite/COMPOSITE/Core/Src/usbd_ctlreq.o
 .text.USBD_ClrFeature
                0x000000000800d168       0x44 ./Middlewares/Third_Party/AL94_USB_Composite/COMPOSITE/Core/Src/usbd_ctlreq.o
 .text.USBD_ParseSetupRequest
                0x000000000800d1ac       0x74 ./Middlewares/Third_Party/AL94_USB_Composite/COMPOSITE/Core/Src/usbd_ctlreq.o
                0x000000000800d1ac                USBD_ParseSetupRequest
 .text.USBD_CtlError
                0x000000000800d220       0x22 ./Middlewares/Third_Party/AL94_USB_Composite/COMPOSITE/Core/Src/usbd_ctlreq.o
                0x000000000800d220                USBD_CtlError
 .text.USBD_GetString
                0x000000000800d242       0x8c ./Middlewares/Third_Party/AL94_USB_Composite/COMPOSITE/Core/Src/usbd_ctlreq.o
                0x000000000800d242                USBD_GetString
 .text.USBD_GetLen
                0x000000000800d2ce       0x32 ./Middlewares/Third_Party/AL94_USB_Composite/COMPOSITE/Core/Src/usbd_ctlreq.o
 .text.USBD_CtlSendData
                0x000000000800d300       0x36 ./Middlewares/Third_Party/AL94_USB_Composite/COMPOSITE/Core/Src/usbd_ioreq.o
                0x000000000800d300                USBD_CtlSendData
 .text.USBD_CtlContinueSendData
                0x000000000800d336       0x22 ./Middlewares/Third_Party/AL94_USB_Composite/COMPOSITE/Core/Src/usbd_ioreq.o
                0x000000000800d336                USBD_CtlContinueSendData
 .text.USBD_CtlPrepareRx
                0x000000000800d358       0x3a ./Middlewares/Third_Party/AL94_USB_Composite/COMPOSITE/Core/Src/usbd_ioreq.o
                0x000000000800d358                USBD_CtlPrepareRx
 .text.USBD_CtlContinueRx
                0x000000000800d392       0x22 ./Middlewares/Third_Party/AL94_USB_Composite/COMPOSITE/Core/Src/usbd_ioreq.o
                0x000000000800d392                USBD_CtlContinueRx
 .text.USBD_CtlSendStatus
                0x000000000800d3b4       0x26 ./Middlewares/Third_Party/AL94_USB_Composite/COMPOSITE/Core/Src/usbd_ioreq.o
                0x000000000800d3b4                USBD_CtlSendStatus
 .text.USBD_CtlReceiveStatus
                0x000000000800d3da       0x26 ./Middlewares/Third_Party/AL94_USB_Composite/COMPOSITE/Core/Src/usbd_ioreq.o
                0x000000000800d3da                USBD_CtlReceiveStatus
 .text.HAL_PCD_SetupStageCallback
                0x000000000800d400       0x24 ./Middlewares/Third_Party/AL94_USB_Composite/COMPOSITE/Target/usbd_conf.o
                0x000000000800d400                HAL_PCD_SetupStageCallback
 .text.HAL_PCD_DataOutStageCallback
                0x000000000800d424       0x36 ./Middlewares/Third_Party/AL94_USB_Composite/COMPOSITE/Target/usbd_conf.o
                0x000000000800d424                HAL_PCD_DataOutStageCallback
 .text.HAL_PCD_DataInStageCallback
                0x000000000800d45a       0x34 ./Middlewares/Third_Party/AL94_USB_Composite/COMPOSITE/Target/usbd_conf.o
                0x000000000800d45a                HAL_PCD_DataInStageCallback
 .text.HAL_PCD_SOFCallback
                0x000000000800d48e       0x1c ./Middlewares/Third_Party/AL94_USB_Composite/COMPOSITE/Target/usbd_conf.o
                0x000000000800d48e                HAL_PCD_SOFCallback
 .text.HAL_PCD_ResetCallback
                0x000000000800d4aa       0x42 ./Middlewares/Third_Party/AL94_USB_Composite/COMPOSITE/Target/usbd_conf.o
                0x000000000800d4aa                HAL_PCD_ResetCallback
 .text.HAL_PCD_SuspendCallback
                0x000000000800d4ec       0x1c ./Middlewares/Third_Party/AL94_USB_Composite/COMPOSITE/Target/usbd_conf.o
                0x000000000800d4ec                HAL_PCD_SuspendCallback
 .text.HAL_PCD_ResumeCallback
                0x000000000800d508       0x1c ./Middlewares/Third_Party/AL94_USB_Composite/COMPOSITE/Target/usbd_conf.o
                0x000000000800d508                HAL_PCD_ResumeCallback
 .text.USBD_LL_Init
                0x000000000800d524       0xfc ./Middlewares/Third_Party/AL94_USB_Composite/COMPOSITE/Target/usbd_conf.o
                0x000000000800d524                USBD_LL_Init
 .text.USBD_LL_Start
                0x000000000800d620       0x36 ./Middlewares/Third_Party/AL94_USB_Composite/COMPOSITE/Target/usbd_conf.o
                0x000000000800d620                USBD_LL_Start
 .text.USBD_LL_OpenEP
                0x000000000800d656       0x4c ./Middlewares/Third_Party/AL94_USB_Composite/COMPOSITE/Target/usbd_conf.o
                0x000000000800d656                USBD_LL_OpenEP
 .text.USBD_LL_CloseEP
                0x000000000800d6a2       0x3e ./Middlewares/Third_Party/AL94_USB_Composite/COMPOSITE/Target/usbd_conf.o
                0x000000000800d6a2                USBD_LL_CloseEP
 .text.USBD_LL_StallEP
                0x000000000800d6e0       0x3e ./Middlewares/Third_Party/AL94_USB_Composite/COMPOSITE/Target/usbd_conf.o
                0x000000000800d6e0                USBD_LL_StallEP
 .text.USBD_LL_ClearStallEP
                0x000000000800d71e       0x3e ./Middlewares/Third_Party/AL94_USB_Composite/COMPOSITE/Target/usbd_conf.o
                0x000000000800d71e                USBD_LL_ClearStallEP
 .text.USBD_LL_IsStallEP
                0x000000000800d75c       0x58 ./Middlewares/Third_Party/AL94_USB_Composite/COMPOSITE/Target/usbd_conf.o
                0x000000000800d75c                USBD_LL_IsStallEP
 .text.USBD_LL_SetUSBAddress
                0x000000000800d7b4       0x3e ./Middlewares/Third_Party/AL94_USB_Composite/COMPOSITE/Target/usbd_conf.o
                0x000000000800d7b4                USBD_LL_SetUSBAddress
 .text.USBD_LL_Transmit
                0x000000000800d7f2       0x42 ./Middlewares/Third_Party/AL94_USB_Composite/COMPOSITE/Target/usbd_conf.o
                0x000000000800d7f2                USBD_LL_Transmit
 .text.USBD_LL_PrepareReceive
                0x000000000800d834       0x42 ./Middlewares/Third_Party/AL94_USB_Composite/COMPOSITE/Target/usbd_conf.o
                0x000000000800d834                USBD_LL_PrepareReceive
 .text.USBD_LL_GetRxDataSize
                0x000000000800d876       0x26 ./Middlewares/Third_Party/AL94_USB_Composite/COMPOSITE/Target/usbd_conf.o
                0x000000000800d876                USBD_LL_GetRxDataSize
 .text.USBD_Get_USB_Status
                0x000000000800d89c       0x58 ./Middlewares/Third_Party/AL94_USB_Composite/COMPOSITE/Target/usbd_conf.o
                0x000000000800d89c                USBD_Get_USB_Status
 .text.__errno  0x000000000800d8f4        0xc c:/st/stm32cubeide_1.6.1/stm32cubeide/plugins/com.st.stm32cube.ide.mcu.externaltools.gnu-tools-for-stm32.10.3-2021.10.win32_1.0.0.202111181127/tools/bin/../lib/gcc/arm-none-eabi/10.3.1/../../../../arm-none-eabi/lib/thumb/v7-m/nofp\libc_nano.a(lib_a-errno.o)
                0x000000000800d8f4                __errno
 .text.__libc_init_array
                0x000000000800d900       0x48 c:/st/stm32cubeide_1.6.1/stm32cubeide/plugins/com.st.stm32cube.ide.mcu.externaltools.gnu-tools-for-stm32.10.3-2021.10.win32_1.0.0.202111181127/tools/bin/../lib/gcc/arm-none-eabi/10.3.1/../../../../arm-none-eabi/lib/thumb/v7-m/nofp\libc_nano.a(lib_a-init.o)
                0x000000000800d900                __libc_init_array
 .text.malloc   0x000000000800d948       0x10 c:/st/stm32cubeide_1.6.1/stm32cubeide/plugins/com.st.stm32cube.ide.mcu.externaltools.gnu-tools-for-stm32.10.3-2021.10.win32_1.0.0.202111181127/tools/bin/../lib/gcc/arm-none-eabi/10.3.1/../../../../arm-none-eabi/lib/thumb/v7-m/nofp\libc_nano.a(lib_a-malloc.o)
                0x000000000800d948                malloc
 .text.free     0x000000000800d958       0x10 c:/st/stm32cubeide_1.6.1/stm32cubeide/plugins/com.st.stm32cube.ide.mcu.externaltools.gnu-tools-for-stm32.10.3-2021.10.win32_1.0.0.202111181127/tools/bin/../lib/gcc/arm-none-eabi/10.3.1/../../../../arm-none-eabi/lib/thumb/v7-m/nofp\libc_nano.a(lib_a-malloc.o)
                0x000000000800d958                free
 .text.memcpy   0x000000000800d968       0x1c c:/st/stm32cubeide_1.6.1/stm32cubeide/plugins/com.st.stm32cube.ide.mcu.externaltools.gnu-tools-for-stm32.10.3-2021.10.win32_1.0.0.202111181127/tools/bin/../lib/gcc/arm-none-eabi/10.3.1/../../../../arm-none-eabi/lib/thumb/v7-m/nofp\libc_nano.a(lib_a-memcpy-stub.o)
                0x000000000800d968                memcpy
 .text.memset   0x000000000800d984       0x10 c:/st/stm32cubeide_1.6.1/stm32cubeide/plugins/com.st.stm32cube.ide.mcu.externaltools.gnu-tools-for-stm32.10.3-2021.10.win32_1.0.0.202111181127/tools/bin/../lib/gcc/arm-none-eabi/10.3.1/../../../../arm-none-eabi/lib/thumb/v7-m/nofp\libc_nano.a(lib_a-memset.o)
                0x000000000800d984                memset
 .text._free_r  0x000000000800d994       0x90 c:/st/stm32cubeide_1.6.1/stm32cubeide/plugins/com.st.stm32cube.ide.mcu.externaltools.gnu-tools-for-stm32.10.3-2021.10.win32_1.0.0.202111181127/tools/bin/../lib/gcc/arm-none-eabi/10.3.1/../../../../arm-none-eabi/lib/thumb/v7-m/nofp\libc_nano.a(lib_a-nano-freer.o)
                0x000000000800d994                _free_r
 .text.sbrk_aligned
                0x000000000800da24       0x40 c:/st/stm32cubeide_1.6.1/stm32cubeide/plugins/com.st.stm32cube.ide.mcu.externaltools.gnu-tools-for-stm32.10.3-2021.10.win32_1.0.0.202111181127/tools/bin/../lib/gcc/arm-none-eabi/10.3.1/../../../../arm-none-eabi/lib/thumb/v7-m/nofp\libc_nano.a(lib_a-nano-mallocr.o)
 .text._malloc_r
                0x000000000800da64       0xe8 c:/st/stm32cubeide_1.6.1/stm32cubeide/plugins/com.st.stm32cube.ide.mcu.externaltools.gnu-tools-for-stm32.10.3-2021.10.win32_1.0.0.202111181127/tools/bin/../lib/gcc/arm-none-eabi/10.3.1/../../../../arm-none-eabi/lib/thumb/v7-m/nofp\libc_nano.a(lib_a-nano-mallocr.o)
                0x000000000800da64                _malloc_r
 .text._sbrk_r  0x000000000800db4c       0x20 c:/st/stm32cubeide_1.6.1/stm32cubeide/plugins/com.st.stm32cube.ide.mcu.externaltools.gnu-tools-for-stm32.10.3-2021.10.win32_1.0.0.202111181127/tools/bin/../lib/gcc/arm-none-eabi/10.3.1/../../../../arm-none-eabi/lib/thumb/v7-m/nofp\libc_nano.a(lib_a-sbrkr.o)
                0x000000000800db4c                _sbrk_r
 .text.snprintf
                0x000000000800db6c       0x68 c:/st/stm32cubeide_1.6.1/stm32cubeide/plugins/com.st.stm32cube.ide.mcu.externaltools.gnu-tools-for-stm32.10.3-2021.10.win32_1.0.0.202111181127/tools/bin/../lib/gcc/arm-none-eabi/10.3.1/../../../../arm-none-eabi/lib/thumb/v7-m/nofp\libc_nano.a(lib_a-snprintf.o)
                0x000000000800db6c                sniprintf
                0x000000000800db6c                snprintf
 .text.toupper  0x000000000800dbd4       0x14 c:/st/stm32cubeide_1.6.1/stm32cubeide/plugins/com.st.stm32cube.ide.mcu.externaltools.gnu-tools-for-stm32.10.3-2021.10.win32_1.0.0.202111181127/tools/bin/../lib/gcc/arm-none-eabi/10.3.1/../../../../arm-none-eabi/lib/thumb/v7-m/nofp\libc_nano.a(lib_a-toupper.o)
                0x000000000800dbd4                toupper
 .text.__malloc_lock
                0x000000000800dbe8        0xc c:/st/stm32cubeide_1.6.1/stm32cubeide/plugins/com.st.stm32cube.ide.mcu.externaltools.gnu-tools-for-stm32.10.3-2021.10.win32_1.0.0.202111181127/tools/bin/../lib/gcc/arm-none-eabi/10.3.1/../../../../arm-none-eabi/lib/thumb/v7-m/nofp\libc_nano.a(lib_a-mlock.o)
                0x000000000800dbe8                __malloc_lock
 .text.__malloc_unlock
                0x000000000800dbf4        0xc c:/st/stm32cubeide_1.6.1/stm32cubeide/plugins/com.st.stm32cube.ide.mcu.externaltools.gnu-tools-for-stm32.10.3-2021.10.win32_1.0.0.202111181127/tools/bin/../lib/gcc/arm-none-eabi/10.3.1/../../../../arm-none-eabi/lib/thumb/v7-m/nofp\libc_nano.a(lib_a-mlock.o)
                0x000000000800dbf4                __malloc_unlock
 .text.__ssputs_r
                0x000000000800dc00       0xb6 c:/st/stm32cubeide_1.6.1/stm32cubeide/plugins/com.st.stm32cube.ide.mcu.externaltools.gnu-tools-for-stm32.10.3-2021.10.win32_1.0.0.202111181127/tools/bin/../lib/gcc/arm-none-eabi/10.3.1/../../../../arm-none-eabi/lib/thumb/v7-m/nofp\libc_nano.a(lib_a-nano-svfprintf.o)
                0x000000000800dc00                __ssputs_r
 *fill*         0x000000000800dcb6        0x2 
 .text._svfprintf_r
                0x000000000800dcb8      0x200 c:/st/stm32cubeide_1.6.1/stm32cubeide/plugins/com.st.stm32cube.ide.mcu.externaltools.gnu-tools-for-stm32.10.3-2021.10.win32_1.0.0.202111181127/tools/bin/../lib/gcc/arm-none-eabi/10.3.1/../../../../arm-none-eabi/lib/thumb/v7-m/nofp\libc_nano.a(lib_a-nano-svfprintf.o)
                0x000000000800dcb8                _svfiprintf_r
                0x000000000800dcb8                _svfprintf_r
 .text._printf_common
                0x000000000800deb8       0xde c:/st/stm32cubeide_1.6.1/stm32cubeide/plugins/com.st.stm32cube.ide.mcu.externaltools.gnu-tools-for-stm32.10.3-2021.10.win32_1.0.0.202111181127/tools/bin/../lib/gcc/arm-none-eabi/10.3.1/../../../../arm-none-eabi/lib/thumb/v7-m/nofp\libc_nano.a(lib_a-nano-vfprintf_i.o)
                0x000000000800deb8                _printf_common
 *fill*         0x000000000800df96        0x2 
 .text._printf_i
                0x000000000800df98      0x24c c:/st/stm32cubeide_1.6.1/stm32cubeide/plugins/com.st.stm32cube.ide.mcu.externaltools.gnu-tools-for-stm32.10.3-2021.10.win32_1.0.0.202111181127/tools/bin/../lib/gcc/arm-none-eabi/10.3.1/../../../../arm-none-eabi/lib/thumb/v7-m/nofp\libc_nano.a(lib_a-nano-vfprintf_i.o)
                0x000000000800df98                _printf_i
 .text.__retarget_lock_acquire_recursive
                0x000000000800e1e4        0x2 c:/st/stm32cubeide_1.6.1/stm32cubeide/plugins/com.st.stm32cube.ide.mcu.externaltools.gnu-tools-for-stm32.10.3-2021.10.win32_1.0.0.202111181127/tools/bin/../lib/gcc/arm-none-eabi/10.3.1/../../../../arm-none-eabi/lib/thumb/v7-m/nofp\libc_nano.a(lib_a-lock.o)
                0x000000000800e1e4                __retarget_lock_acquire_recursive
 .text.__retarget_lock_release_recursive
                0x000000000800e1e6        0x2 c:/st/stm32cubeide_1.6.1/stm32cubeide/plugins/com.st.stm32cube.ide.mcu.externaltools.gnu-tools-for-stm32.10.3-2021.10.win32_1.0.0.202111181127/tools/bin/../lib/gcc/arm-none-eabi/10.3.1/../../../../arm-none-eabi/lib/thumb/v7-m/nofp\libc_nano.a(lib_a-lock.o)
                0x000000000800e1e6                __retarget_lock_release_recursive
 .text.memchr   0x000000000800e1e8       0x1c c:/st/stm32cubeide_1.6.1/stm32cubeide/plugins/com.st.stm32cube.ide.mcu.externaltools.gnu-tools-for-stm32.10.3-2021.10.win32_1.0.0.202111181127/tools/bin/../lib/gcc/arm-none-eabi/10.3.1/../../../../arm-none-eabi/lib/thumb/v7-m/nofp\libc_nano.a(lib_a-memchr-stub.o)
                0x000000000800e1e8                memchr
 .text.memmove  0x000000000800e204       0x34 c:/st/stm32cubeide_1.6.1/stm32cubeide/plugins/com.st.stm32cube.ide.mcu.externaltools.gnu-tools-for-stm32.10.3-2021.10.win32_1.0.0.202111181127/tools/bin/../lib/gcc/arm-none-eabi/10.3.1/../../../../arm-none-eabi/lib/thumb/v7-m/nofp\libc_nano.a(lib_a-memmove.o)
                0x000000000800e204                memmove
 .text._realloc_r
                0x000000000800e238       0x5e c:/st/stm32cubeide_1.6.1/stm32cubeide/plugins/com.st.stm32cube.ide.mcu.externaltools.gnu-tools-for-stm32.10.3-2021.10.win32_1.0.0.202111181127/tools/bin/../lib/gcc/arm-none-eabi/10.3.1/../../../../arm-none-eabi/lib/thumb/v7-m/nofp\libc_nano.a(lib_a-nano-reallocr.o)
                0x000000000800e238                _realloc_r
 .text._malloc_usable_size_r
                0x000000000800e296       0x10 c:/st/stm32cubeide_1.6.1/stm32cubeide/plugins/com.st.stm32cube.ide.mcu.externaltools.gnu-tools-for-stm32.10.3-2021.10.win32_1.0.0.202111181127/tools/bin/../lib/gcc/arm-none-eabi/10.3.1/../../../../arm-none-eabi/lib/thumb/v7-m/nofp\libc_nano.a(lib_a-nano-msizer.o)
                0x000000000800e296                _malloc_usable_size_r
 *(.glue_7)
 .glue_7        0x000000000800e2a6        0x0 linker stubs
 *(.glue_7t)
 .glue_7t       0x000000000800e2a6        0x0 linker stubs
 *(.eh_frame)
 *fill*         0x000000000800e2a6        0x2 
 .eh_frame      0x000000000800e2a8        0x0 c:/st/stm32cubeide_1.6.1/stm32cubeide/plugins/com.st.stm32cube.ide.mcu.externaltools.gnu-tools-for-stm32.10.3-2021.10.win32_1.0.0.202111181127/tools/bin/../lib/gcc/arm-none-eabi/10.3.1/thumb/v7-m/nofp/crtbegin.o
 *(.init)
 .init          0x000000000800e2a8        0x4 c:/st/stm32cubeide_1.6.1/stm32cubeide/plugins/com.st.stm32cube.ide.mcu.externaltools.gnu-tools-for-stm32.10.3-2021.10.win32_1.0.0.202111181127/tools/bin/../lib/gcc/arm-none-eabi/10.3.1/thumb/v7-m/nofp/crti.o
                0x000000000800e2a8                _init
 .init          0x000000000800e2ac        0x8 c:/st/stm32cubeide_1.6.1/stm32cubeide/plugins/com.st.stm32cube.ide.mcu.externaltools.gnu-tools-for-stm32.10.3-2021.10.win32_1.0.0.202111181127/tools/bin/../lib/gcc/arm-none-eabi/10.3.1/thumb/v7-m/nofp/crtn.o
 *(.fini)
 .fini          0x000000000800e2b4        0x4 c:/st/stm32cubeide_1.6.1/stm32cubeide/plugins/com.st.stm32cube.ide.mcu.externaltools.gnu-tools-for-stm32.10.3-2021.10.win32_1.0.0.202111181127/tools/bin/../lib/gcc/arm-none-eabi/10.3.1/thumb/v7-m/nofp/crti.o
                0x000000000800e2b4                _fini
 .fini          0x000000000800e2b8        0x8 c:/st/stm32cubeide_1.6.1/stm32cubeide/plugins/com.st.stm32cube.ide.mcu.externaltools.gnu-tools-for-stm32.10.3-2021.10.win32_1.0.0.202111181127/tools/bin/../lib/gcc/arm-none-eabi/10.3.1/thumb/v7-m/nofp/crtn.o
                0x000000000800e2c0                . = ALIGN (0x4)
                0x000000000800e2c0                _etext = .

.vfp11_veneer   0x000000000800e2c0        0x0
 .vfp11_veneer  0x000000000800e2c0        0x0 linker stubs

.v4_bx          0x000000000800e2c0        0x0
 .v4_bx         0x000000000800e2c0        0x0 linker stubs

.iplt           0x000000000800e2c0        0x0
 .iplt          0x000000000800e2c0        0x0 c:/st/stm32cubeide_1.6.1/stm32cubeide/plugins/com.st.stm32cube.ide.mcu.externaltools.gnu-tools-for-stm32.10.3-2021.10.win32_1.0.0.202111181127/tools/bin/../lib/gcc/arm-none-eabi/10.3.1/thumb/v7-m/nofp/crtbegin.o

.rodata         0x000000000800e2c0      0x514
                0x000000000800e2c0                . = ALIGN (0x4)
 *(.rodata)
 .rodata        0x000000000800e2c0       0xdf ./Core/Src/DFRobot_ID809.o
 *fill*         0x000000000800e39f        0x1 
 .rodata        0x000000000800e3a0      0x252 ./Core/Src/main.o
 *fill*         0x000000000800e5f2        0x2 
 .rodata        0x000000000800e5f4       0x10 ./Drivers/STM32F1xx_HAL_Driver/Src/stm32f1xx_hal_rcc.o
 .rodata        0x000000000800e604       0x10 ./Drivers/STM32F1xx_HAL_Driver/Src/stm32f1xx_hal_rcc_ex.o
 .rodata        0x000000000800e614       0x50 ./Middlewares/Third_Party/AL94_USB_Composite/COMPOSITE/App/usbd_desc.o
 .rodata        0x000000000800e664       0x23 ./Middlewares/Third_Party/AL94_USB_Composite/COMPOSITE/Class/COMPOSITE/Src/usbd_composite.o
 *(.rodata*)
 *fill*         0x000000000800e687        0x1 
 .rodata.AHBPrescTable
                0x000000000800e688       0x10 ./Core/Src/system_stm32f1xx.o
                0x000000000800e688                AHBPrescTable
 .rodata.APBPrescTable
                0x000000000800e698        0x8 ./Core/Src/system_stm32f1xx.o
                0x000000000800e698                APBPrescTable
 .rodata._ctype_
                0x000000000800e6a0      0x101 c:/st/stm32cubeide_1.6.1/stm32cubeide/plugins/com.st.stm32cube.ide.mcu.externaltools.gnu-tools-for-stm32.10.3-2021.10.win32_1.0.0.202111181127/tools/bin/../lib/gcc/arm-none-eabi/10.3.1/../../../../arm-none-eabi/lib/thumb/v7-m/nofp\libc_nano.a(lib_a-ctype_.o)
                0x000000000800e6a0                _ctype_
 .rodata._svfprintf_r.str1.1
                0x000000000800e7a1       0x11 c:/st/stm32cubeide_1.6.1/stm32cubeide/plugins/com.st.stm32cube.ide.mcu.externaltools.gnu-tools-for-stm32.10.3-2021.10.win32_1.0.0.202111181127/tools/bin/../lib/gcc/arm-none-eabi/10.3.1/../../../../arm-none-eabi/lib/thumb/v7-m/nofp\libc_nano.a(lib_a-nano-svfprintf.o)
 .rodata._printf_i.str1.1
                0x000000000800e7b2       0x22 c:/st/stm32cubeide_1.6.1/stm32cubeide/plugins/com.st.stm32cube.ide.mcu.externaltools.gnu-tools-for-stm32.10.3-2021.10.win32_1.0.0.202111181127/tools/bin/../lib/gcc/arm-none-eabi/10.3.1/../../../../arm-none-eabi/lib/thumb/v7-m/nofp\libc_nano.a(lib_a-nano-vfprintf_i.o)
                0x000000000800e7d4                . = ALIGN (0x4)

.rel.dyn        0x000000000800e7d4        0x0
 .rel.iplt      0x000000000800e7d4        0x0 c:/st/stm32cubeide_1.6.1/stm32cubeide/plugins/com.st.stm32cube.ide.mcu.externaltools.gnu-tools-for-stm32.10.3-2021.10.win32_1.0.0.202111181127/tools/bin/../lib/gcc/arm-none-eabi/10.3.1/thumb/v7-m/nofp/crtbegin.o

.ARM.extab      0x000000000800e7d4        0x0
                0x000000000800e7d4                . = ALIGN (0x4)
 *(.ARM.extab* .gnu.linkonce.armextab.*)
                0x000000000800e7d4                . = ALIGN (0x4)

.ARM            0x000000000800e7d4        0x0
                0x000000000800e7d4                . = ALIGN (0x4)
                0x000000000800e7d4                __exidx_start = .
 *(.ARM.exidx*)
                0x000000000800e7d4                __exidx_end = .
                0x000000000800e7d4                . = ALIGN (0x4)

.preinit_array  0x000000000800e7d4        0x0
                0x000000000800e7d4                . = ALIGN (0x4)
                0x000000000800e7d4                PROVIDE (__preinit_array_start = .)
 *(.preinit_array*)
                0x000000000800e7d4                PROVIDE (__preinit_array_end = .)
                0x000000000800e7d4                . = ALIGN (0x4)

.init_array     0x000000000800e7d4        0x4
                0x000000000800e7d4                . = ALIGN (0x4)
                0x000000000800e7d4                PROVIDE (__init_array_start = .)
 *(SORT_BY_NAME(.init_array.*))
 *(.init_array*)
 .init_array    0x000000000800e7d4        0x4 c:/st/stm32cubeide_1.6.1/stm32cubeide/plugins/com.st.stm32cube.ide.mcu.externaltools.gnu-tools-for-stm32.10.3-2021.10.win32_1.0.0.202111181127/tools/bin/../lib/gcc/arm-none-eabi/10.3.1/thumb/v7-m/nofp/crtbegin.o
                0x000000000800e7d8                PROVIDE (__init_array_end = .)
                0x000000000800e7d8                . = ALIGN (0x4)

.fini_array     0x000000000800e7d8        0x4
                0x000000000800e7d8                . = ALIGN (0x4)
                [!provide]                        PROVIDE (__fini_array_start = .)
 *(SORT_BY_NAME(.fini_array.*))
 *(.fini_array*)
 .fini_array    0x000000000800e7d8        0x4 c:/st/stm32cubeide_1.6.1/stm32cubeide/plugins/com.st.stm32cube.ide.mcu.externaltools.gnu-tools-for-stm32.10.3-2021.10.win32_1.0.0.202111181127/tools/bin/../lib/gcc/arm-none-eabi/10.3.1/thumb/v7-m/nofp/crtbegin.o
                [!provide]                        PROVIDE (__fini_array_end = .)
                0x000000000800e7dc                . = ALIGN (0x4)
                0x000000000800e7dc                _sidata = LOADADDR (.data)

.data           0x0000000020000000      0x500 load address 0x000000000800e7dc
                0x0000000020000000                . = ALIGN (0x4)
                0x0000000020000000                _sdata = .
 *(.data)
 *(.data*)
 .data.listCharactere
                0x0000000020000000      0x160 ./Core/Src/HID_CDC.o
                0x0000000020000000                listCharactere
 .data.toSingleLoad
                0x0000000020000160        0x1 ./Core/Src/main.o
                0x0000000020000160                toSingleLoad
 *fill*         0x0000000020000161        0x3 
 .data.menuButtons.3
                0x0000000020000164       0x14 ./Core/Src/main.o
 .data.listAlpha.2
                0x0000000020000178       0x68 ./Core/Src/password.o
 .data.listNumb.1
                0x00000000200001e0       0x28 ./Core/Src/password.o
 .data.listSpecialChar.0
                0x0000000020000208       0x1c ./Core/Src/password.o
 .data.SystemCoreClock
                0x0000000020000224        0x4 ./Core/Src/system_stm32f1xx.o
                0x0000000020000224                SystemCoreClock
 .data.uwTickPrio
                0x0000000020000228        0x4 ./Drivers/STM32F1xx_HAL_Driver/Src/stm32f1xx_hal.o
                0x0000000020000228                uwTickPrio
 .data.uwTickFreq
                0x000000002000022c        0x1 ./Drivers/STM32F1xx_HAL_Driver/Src/stm32f1xx_hal.o
                0x000000002000022c                uwTickFreq
 *fill*         0x000000002000022d        0x3 
 .data.USBD_CDC_ACM_fops
                0x0000000020000230       0x14 ./Middlewares/Third_Party/AL94_USB_Composite/COMPOSITE/App/usbd_cdc_acm_if.o
                0x0000000020000230                USBD_CDC_ACM_fops
 .data.USBD_Desc
                0x0000000020000244       0x1c ./Middlewares/Third_Party/AL94_USB_Composite/COMPOSITE/App/usbd_desc.o
                0x0000000020000244                USBD_Desc
 .data.USBD_DeviceDesc
                0x0000000020000260       0x12 ./Middlewares/Third_Party/AL94_USB_Composite/COMPOSITE/App/usbd_desc.o
                0x0000000020000260                USBD_DeviceDesc
 *fill*         0x0000000020000272        0x2 
 .data.USBD_LangIDDesc
                0x0000000020000274        0x4 ./Middlewares/Third_Party/AL94_USB_Composite/COMPOSITE/App/usbd_desc.o
                0x0000000020000274                USBD_LangIDDesc
 .data.USBD_StringSerial
                0x0000000020000278       0x1a ./Middlewares/Third_Party/AL94_USB_Composite/COMPOSITE/App/usbd_desc.o
                0x0000000020000278                USBD_StringSerial
 *fill*         0x0000000020000292        0x2 
 .data.USBD_CDC_DeviceQualifierDesc
                0x0000000020000294        0xa ./Middlewares/Third_Party/AL94_USB_Composite/COMPOSITE/Class/CDC_ACM/Src/usbd_cdc_acm.o
 *fill*         0x000000002000029e        0x2 
 .data.USBD_CDC_ACM
                0x00000000200002a0       0x3c ./Middlewares/Third_Party/AL94_USB_Composite/COMPOSITE/Class/CDC_ACM/Src/usbd_cdc_acm.o
                0x00000000200002a0                USBD_CDC_ACM
 .data.USBD_CDC_CfgHSDesc
                0x00000000200002dc       0x4b ./Middlewares/Third_Party/AL94_USB_Composite/COMPOSITE/Class/CDC_ACM/Src/usbd_cdc_acm.o
 *fill*         0x0000000020000327        0x1 
 .data.USBD_CDC_CfgFSDesc
                0x0000000020000328       0x4b ./Middlewares/Third_Party/AL94_USB_Composite/COMPOSITE/Class/CDC_ACM/Src/usbd_cdc_acm.o
 *fill*         0x0000000020000373        0x1 
 .data.USBD_COMPOSITE
                0x0000000020000374       0x3c ./Middlewares/Third_Party/AL94_USB_Composite/COMPOSITE/Class/COMPOSITE/Src/usbd_composite.o
                0x0000000020000374                USBD_COMPOSITE
 .data.USBD_Track_String_Index
                0x00000000200003b0        0x1 ./Middlewares/Third_Party/AL94_USB_Composite/COMPOSITE/Class/COMPOSITE/Src/usbd_composite.o
                0x00000000200003b0                USBD_Track_String_Index
 *fill*         0x00000000200003b1        0x3 
 .data.USBD_COMPOSITE_DeviceQualifierDesc
                0x00000000200003b4        0xa ./Middlewares/Third_Party/AL94_USB_Composite/COMPOSITE/Class/COMPOSITE/Src/usbd_composite.o
 .data.HID_KEYBOARD_IN_EP
                0x00000000200003be        0x1 ./Middlewares/Third_Party/AL94_USB_Composite/COMPOSITE/Class/HID_KEYBOARD/Src/usbd_hid_keyboard.o
                0x00000000200003be                HID_KEYBOARD_IN_EP
 *fill*         0x00000000200003bf        0x1 
 .data.USBD_HID_KEYBOARD
                0x00000000200003c0       0x3c ./Middlewares/Third_Party/AL94_USB_Composite/COMPOSITE/Class/HID_KEYBOARD/Src/usbd_hid_keyboard.o
                0x00000000200003c0                USBD_HID_KEYBOARD
 .data.USBD_HID_KEYBOARD_CfgFSDesc
                0x00000000200003fc       0x22 ./Middlewares/Third_Party/AL94_USB_Composite/COMPOSITE/Class/HID_KEYBOARD/Src/usbd_hid_keyboard.o
 *fill*         0x000000002000041e        0x2 
 .data.USBD_HID_KEYBOARD_CfgHSDesc
                0x0000000020000420       0x22 ./Middlewares/Third_Party/AL94_USB_Composite/COMPOSITE/Class/HID_KEYBOARD/Src/usbd_hid_keyboard.o
 *fill*         0x0000000020000442        0x2 
 .data.USBD_HID_KEYBOARD_Desc
                0x0000000020000444        0x9 ./Middlewares/Third_Party/AL94_USB_Composite/COMPOSITE/Class/HID_KEYBOARD/Src/usbd_hid_keyboard.o
 *fill*         0x000000002000044d        0x3 
 .data.USBD_HID_DeviceQualifierDesc
                0x0000000020000450        0xa ./Middlewares/Third_Party/AL94_USB_Composite/COMPOSITE/Class/HID_KEYBOARD/Src/usbd_hid_keyboard.o
 *fill*         0x000000002000045a        0x2 
 .data.HID_KEYBOARD_ReportDesc
                0x000000002000045c       0x3f ./Middlewares/Third_Party/AL94_USB_Composite/COMPOSITE/Class/HID_KEYBOARD/Src/usbd_hid_keyboard.o
 *fill*         0x000000002000049b        0x1 
 .data._impure_ptr
                0x000000002000049c        0x4 c:/st/stm32cubeide_1.6.1/stm32cubeide/plugins/com.st.stm32cube.ide.mcu.externaltools.gnu-tools-for-stm32.10.3-2021.10.win32_1.0.0.202111181127/tools/bin/../lib/gcc/arm-none-eabi/10.3.1/../../../../arm-none-eabi/lib/thumb/v7-m/nofp\libc_nano.a(lib_a-impure.o)
                0x000000002000049c                _impure_ptr
 .data.impure_data
                0x00000000200004a0       0x60 c:/st/stm32cubeide_1.6.1/stm32cubeide/plugins/com.st.stm32cube.ide.mcu.externaltools.gnu-tools-for-stm32.10.3-2021.10.win32_1.0.0.202111181127/tools/bin/../lib/gcc/arm-none-eabi/10.3.1/../../../../arm-none-eabi/lib/thumb/v7-m/nofp\libc_nano.a(lib_a-impure.o)
 *(.RamFunc)
 *(.RamFunc*)
                0x0000000020000500                . = ALIGN (0x4)
                0x0000000020000500                _edata = .

.igot.plt       0x0000000020000500        0x0 load address 0x000000000800ecdc
 .igot.plt      0x0000000020000500        0x0 c:/st/stm32cubeide_1.6.1/stm32cubeide/plugins/com.st.stm32cube.ide.mcu.externaltools.gnu-tools-for-stm32.10.3-2021.10.win32_1.0.0.202111181127/tools/bin/../lib/gcc/arm-none-eabi/10.3.1/thumb/v7-m/nofp/crtbegin.o
                0x0000000020000500                . = ALIGN (0x4)

.bss            0x0000000020000500      0xe28 load address 0x000000000800ecdc
                0x0000000020000500                _sbss = .
                0x0000000020000500                __bss_start__ = _sbss
 *(.bss)
 .bss           0x0000000020000500       0x1c c:/st/stm32cubeide_1.6.1/stm32cubeide/plugins/com.st.stm32cube.ide.mcu.externaltools.gnu-tools-for-stm32.10.3-2021.10.win32_1.0.0.202111181127/tools/bin/../lib/gcc/arm-none-eabi/10.3.1/thumb/v7-m/nofp/crtbegin.o
 *(.bss*)
 .bss.buf       0x000000002000051c       0x14 ./Core/Src/DFRobot_ID809.o
                0x000000002000051c                buf
 .bss._number   0x0000000020000530        0x1 ./Core/Src/DFRobot_ID809.o
                0x0000000020000530                _number
 .bss._state    0x0000000020000531        0x1 ./Core/Src/DFRobot_ID809.o
                0x0000000020000531                _state
 .bss._error    0x0000000020000532        0x1 ./Core/Src/DFRobot_ID809.o
                0x0000000020000532                _error
 *fill*         0x0000000020000533        0x1 
 .bss._PacketSize
                0x0000000020000534        0x2 ./Core/Src/DFRobot_ID809.o
                0x0000000020000534                _PacketSize
 .bss.posInBuffer
                0x0000000020000536        0x1 ./Core/Src/DFRobot_ID809.o
                0x0000000020000536                posInBuffer
 *fill*         0x0000000020000537        0x1 
 .bss.Rx_data   0x0000000020000538       0x1a ./Core/Src/DFRobot_ID809.o
                0x0000000020000538                Rx_data
 .bss.ID        0x0000000020000552        0x1 ./Core/Src/DFRobot_ID809.o
                0x0000000020000552                ID
 .bss.samplingTimes
                0x0000000020000553        0x1 ./Core/Src/DFRobot_ID809.o
                0x0000000020000553                samplingTimes
 .bss.keyboardhid
                0x0000000020000554        0x8 ./Core/Src/HID_CDC.o
                0x0000000020000554                keyboardhid
 .bss.hadc1     0x000000002000055c       0x30 ./Core/Src/adc.o
                0x000000002000055c                hadc1
 .bss.hi2c1     0x000000002000058c       0x54 ./Core/Src/i2c.o
                0x000000002000058c                hi2c1
 .bss.buffer1   0x00000000200005e0       0x14 ./Core/Src/main.o
                0x00000000200005e0                buffer1
 .bss.codeState
                0x00000000200005f4        0x1 ./Core/Src/main.o
                0x00000000200005f4                codeState
 *fill*         0x00000000200005f5        0x3 
 .bss.passwordStr
                0x00000000200005f8       0x64 ./Core/Src/main.o
                0x00000000200005f8                passwordStr
 .bss.indexFlash
                0x000000002000065c        0x1 ./Core/Src/main.o
                0x000000002000065c                indexFlash
 .bss.idButton  0x000000002000065d        0x1 ./Core/Src/main.o
                0x000000002000065d                idButton
 .bss.elementInMenu.4
                0x000000002000065e        0x1 ./Core/Src/main.o
 .bss.lastPosBP1.2
                0x000000002000065f        0x1 ./Core/Src/main.o
 .bss.lastPosBP2.1
                0x0000000020000660        0x1 ./Core/Src/main.o
 .bss.lastPosBP2.0
                0x0000000020000661        0x1 ./Core/Src/main.o
 *fill*         0x0000000020000662        0x2 
 .bss.hspi2     0x0000000020000664       0x58 ./Core/Src/spi.o
                0x0000000020000664                hspi2
 .bss.__sbrk_heap_end
                0x00000000200006bc        0x4 ./Core/Src/sysmem.o
 .bss.huart1    0x00000000200006c0       0x44 ./Core/Src/usart.o
                0x00000000200006c0                huart1
 .bss.hpcd_USB_FS
                0x0000000020000704      0x2ec ./Core/Src/usb.o
                0x0000000020000704                hpcd_USB_FS
 .bss.w25qxx    0x00000000200009f0       0x28 ./Core/Src/w25qxx.o
                0x00000000200009f0                w25qxx
 .bss.uwTick    0x0000000020000a18        0x4 ./Drivers/STM32F1xx_HAL_Driver/Src/stm32f1xx_hal.o
                0x0000000020000a18                uwTick
 .bss.hUsbDevice
                0x0000000020000a1c      0x31c ./Middlewares/Third_Party/AL94_USB_Composite/COMPOSITE/App/usb_device.o
                0x0000000020000a1c                hUsbDevice
 .bss.RX_Buffer
                0x0000000020000d38       0x80 ./Middlewares/Third_Party/AL94_USB_Composite/COMPOSITE/App/usbd_cdc_acm_if.o
                0x0000000020000d38                RX_Buffer
 .bss.Line_Coding
                0x0000000020000db8        0x8 ./Middlewares/Third_Party/AL94_USB_Composite/COMPOSITE/App/usbd_cdc_acm_if.o
                0x0000000020000db8                Line_Coding
 .bss.USBD_StrDesc
                0x0000000020000dc0      0x200 ./Middlewares/Third_Party/AL94_USB_Composite/COMPOSITE/App/usbd_desc.o
                0x0000000020000dc0                USBD_StrDesc
 .bss.CDC_IN_EP
                0x0000000020000fc0        0x1 ./Middlewares/Third_Party/AL94_USB_Composite/COMPOSITE/Class/CDC_ACM/Src/usbd_cdc_acm.o
                0x0000000020000fc0                CDC_IN_EP
 *fill*         0x0000000020000fc1        0x3 
 .bss.CDC_OUT_EP
                0x0000000020000fc4        0x1 ./Middlewares/Third_Party/AL94_USB_Composite/COMPOSITE/Class/CDC_ACM/Src/usbd_cdc_acm.o
                0x0000000020000fc4                CDC_OUT_EP
 *fill*         0x0000000020000fc5        0x3 
 .bss.CDC_CMD_EP
                0x0000000020000fc8        0x1 ./Middlewares/Third_Party/AL94_USB_Composite/COMPOSITE/Class/CDC_ACM/Src/usbd_cdc_acm.o
                0x0000000020000fc8                CDC_CMD_EP
 *fill*         0x0000000020000fc9        0x3 
 .bss.CDC_CMD_ITF_NBR
                0x0000000020000fcc        0x1 ./Middlewares/Third_Party/AL94_USB_Composite/COMPOSITE/Class/CDC_ACM/Src/usbd_cdc_acm.o
                0x0000000020000fcc                CDC_CMD_ITF_NBR
 *fill*         0x0000000020000fcd        0x3 
 .bss.CDC_COM_ITF_NBR
                0x0000000020000fd0        0x1 ./Middlewares/Third_Party/AL94_USB_Composite/COMPOSITE/Class/CDC_ACM/Src/usbd_cdc_acm.o
                0x0000000020000fd0                CDC_COM_ITF_NBR
 *fill*         0x0000000020000fd1        0x3 
 .bss.CDC_STR_DESC_IDX
                0x0000000020000fd4        0x1 ./Middlewares/Third_Party/AL94_USB_Composite/COMPOSITE/Class/CDC_ACM/Src/usbd_cdc_acm.o
                0x0000000020000fd4                CDC_STR_DESC_IDX
 *fill*         0x0000000020000fd5        0x3 
 .bss.CDC_ACM_Class_Data
                0x0000000020000fd8      0x21c ./Middlewares/Third_Party/AL94_USB_Composite/COMPOSITE/Class/CDC_ACM/Src/usbd_cdc_acm.o
                0x0000000020000fd8                CDC_ACM_Class_Data
 .bss.USBD_COMPOSITE_FSCfgDesc
                0x00000000200011f4       0x64 ./Middlewares/Third_Party/AL94_USB_Composite/COMPOSITE/Class/COMPOSITE/Src/usbd_composite.o
                0x00000000200011f4                USBD_COMPOSITE_FSCfgDesc